Archive member included to satisfy reference by file (symbol)

.toolchains/i686-elf/lib/gcc/i686-elf/11.2.0/libgcc.a(_udivdi3.o)
                              build/i686_debug/kernel/stdio.o (__udivdi3)
.toolchains/i686-elf/lib/gcc/i686-elf/11.2.0/libgcc.a(_umoddi3.o)
                              build/i686_debug/kernel/stdio.o (__umoddi3)

Memory Configuration

Name             Origin             Length             Attributes
*default*        0x0000000000000000 0xffffffffffffffff

Linker script and memory map

                0x0000000000100000                phys = 0x100000
                0x0000000000100000                . = phys

.text           0x0000000000100000     0x38a0
                0x0000000000100000                __text_start = .
 *(.text)
 .text          0x0000000000100000      0x145 .toolchains/i686-elf/lib/gcc/i686-elf/11.2.0/crtbegin.o
 .text          0x0000000000100145       0x71 build/i686_debug/kernel/debug.o
                0x0000000000100145                logf
 .text          0x00000000001001b6      0x1be build/i686_debug/kernel/main.o
                0x00000000001001b6                VGA_word
                0x0000000000100211                timer
                0x000000000010022a                start
 .text          0x0000000000100374       0xf5 build/i686_debug/kernel/memory.o
                0x0000000000100374                memcpy
                0x00000000001003c6                memset
                0x0000000000100409                memcmp
 .text          0x0000000000100469      0x647 build/i686_debug/kernel/stdio.o
                0x0000000000100469                fputc
                0x000000000010048c                fputs
                0x00000000001004be                fprintf_unsigned
                0x000000000010057a                fprintf_signed
                0x00000000001005da                vfprintf
                0x00000000001008f5                fprintf
                0x0000000000100919                fprint_buffer
                0x00000000001009be                putc
                0x00000000001009df                puts
                0x00000000001009f8                printf
                0x0000000000100a1b                print_buffer
                0x0000000000100a37                debugc
                0x0000000000100a58                debugs
                0x0000000000100a71                debugf
                0x0000000000100a94                debug_buffer
 .text          0x0000000000100ab0       0x22 build/i686_debug/kernel/hal/hal.o
                0x0000000000100ab0                HAL_Initialize
 .text          0x0000000000100ad2       0xa5 build/i686_debug/kernel/hal/vfs.o
                0x0000000000100ad2                VFS_Write
 .text          0x0000000000100b77       0x27 build/i686_debug/kernel/arch/i686/e9.o
                0x0000000000100b77                e9_putc
 .text          0x0000000000100b9e       0x1d build/i686_debug/kernel/arch/i686/gdt.o
                0x0000000000100b9e                i686_GDT_Initialize
 .text          0x0000000000100bbb      0x320 build/i686_debug/kernel/arch/i686/i8259.o
                0x0000000000100bbb                i8259_SetMask
                0x0000000000100c16                i8259_GetMask
                0x0000000000100c4a                i8259_Configure
                0x0000000000100d4b                i8259_SendEndOfInterrupt
                0x0000000000100d7b                i8259_Disable
                0x0000000000100d94                i8259_Mask
                0x0000000000100dc5                i8259_Unmask
                0x0000000000100df8                i8259_ReadIrqRequestRegister
                0x0000000000100e50                i8259_ReadInServiceRegister
                0x0000000000100ea8                i8259_Probe
                0x0000000000100ed1                i8259_GetDriver
 .text          0x0000000000100edb       0xbc build/i686_debug/kernel/arch/i686/idt.o
                0x0000000000100edb                i686_IDT_SetGate
                0x0000000000100f3e                i686_IDT_EnableGate
                0x0000000000100f5e                i686_IDT_DisableGate
                0x0000000000100f7e                i686_IDT_Initialize
 .text          0x0000000000100f97       0x1b build/i686_debug/kernel/arch/i686/io.o
                0x0000000000100f97                i686_iowait
 .text          0x0000000000100fb2      0x139 build/i686_debug/kernel/arch/i686/irq.o
                0x0000000000100fb2                i686_IRQ_Handler
                0x0000000000101016                i686_IRQ_Initialize
                0x00000000001010d8                i686_IRQ_RegisterHandler
 .text          0x00000000001010eb      0x1db build/i686_debug/kernel/arch/i686/isr.o
                0x00000000001010eb                i686_ISR_Initialize
                0x000000000010112d                i686_ISR_Handler
                0x00000000001012a2                i686_ISR_RegisterHandler
 .text          0x00000000001012c6     0x1489 build/i686_debug/kernel/arch/i686/isrs_gen.o
                0x00000000001012c6                i686_ISR_InitializeGates
 .text          0x000000000010274f      0x3a2 build/i686_debug/kernel/arch/i686/vga_text.o
                0x000000000010274f                VGA_putchr
                0x000000000010277e                VGA_putcolor
                0x00000000001027b0                VGA_getchr
                0x00000000001027d2                VGA_getcolor
                0x00000000001027f7                VGA_setcursor
                0x0000000000102868                VGA_clrscr
                0x00000000001028f6                VGA_scrollback
                0x00000000001029e4                VGA_putc
 *fill*         0x0000000000102af1        0xf 
 .text          0x0000000000102b00       0x25 build/i686_debug/kernel/arch/i686/gdt_asm.o
                0x0000000000102b00                i686_GDT_Load
 *fill*         0x0000000000102b25        0xb 
 .text          0x0000000000102b30        0xd build/i686_debug/kernel/arch/i686/idt_asm.o
                0x0000000000102b30                i686_IDT_Load
 *fill*         0x0000000000102b3d        0x3 
 .text          0x0000000000102b40       0x1d build/i686_debug/kernel/arch/i686/io_asm.o
                0x0000000000102b40                i686_outb
                0x0000000000102b4b                i686_inb
                0x0000000000102b54                i686_Panic
                0x0000000000102b56                i686_EnableInterrupts
                0x0000000000102b58                i686_DisableInterrupts
                0x0000000000102b5a                crash_me
 *fill*         0x0000000000102b5d        0x3 
 .text          0x0000000000102b60      0xa6d build/i686_debug/kernel/arch/i686/isr_asm.o
                0x0000000000102b60                i686_ISR0
                0x0000000000102b69                i686_ISR1
                0x0000000000102b72                i686_ISR2
                0x0000000000102b7b                i686_ISR3
                0x0000000000102b84                i686_ISR4
                0x0000000000102b8d                i686_ISR5
                0x0000000000102b96                i686_ISR6
                0x0000000000102b9f                i686_ISR7
                0x0000000000102ba8                i686_ISR8
                0x0000000000102baf                i686_ISR9
                0x0000000000102bb8                i686_ISR10
                0x0000000000102bbf                i686_ISR11
                0x0000000000102bc6                i686_ISR12
                0x0000000000102bcd                i686_ISR13
                0x0000000000102bd4                i686_ISR14
                0x0000000000102bdb                i686_ISR15
                0x0000000000102be4                i686_ISR16
                0x0000000000102bed                i686_ISR17
                0x0000000000102bf4                i686_ISR18
                0x0000000000102bfd                i686_ISR19
                0x0000000000102c06                i686_ISR20
                0x0000000000102c0f                i686_ISR21
                0x0000000000102c16                i686_ISR22
                0x0000000000102c1f                i686_ISR23
                0x0000000000102c28                i686_ISR24
                0x0000000000102c31                i686_ISR25
                0x0000000000102c3a                i686_ISR26
                0x0000000000102c43                i686_ISR27
                0x0000000000102c4c                i686_ISR28
                0x0000000000102c55                i686_ISR29
                0x0000000000102c5e                i686_ISR30
                0x0000000000102c67                i686_ISR31
                0x0000000000102c70                i686_ISR32
                0x0000000000102c79                i686_ISR33
                0x0000000000102c82                i686_ISR34
                0x0000000000102c8b                i686_ISR35
                0x0000000000102c94                i686_ISR36
                0x0000000000102c9d                i686_ISR37
                0x0000000000102ca6                i686_ISR38
                0x0000000000102caf                i686_ISR39
                0x0000000000102cb8                i686_ISR40
                0x0000000000102cc1                i686_ISR41
                0x0000000000102cca                i686_ISR42
                0x0000000000102cd3                i686_ISR43
                0x0000000000102cdc                i686_ISR44
                0x0000000000102ce5                i686_ISR45
                0x0000000000102cee                i686_ISR46
                0x0000000000102cf7                i686_ISR47
                0x0000000000102d00                i686_ISR48
                0x0000000000102d09                i686_ISR49
                0x0000000000102d12                i686_ISR50
                0x0000000000102d1b                i686_ISR51
                0x0000000000102d24                i686_ISR52
                0x0000000000102d2d                i686_ISR53
                0x0000000000102d36                i686_ISR54
                0x0000000000102d3f                i686_ISR55
                0x0000000000102d48                i686_ISR56
                0x0000000000102d51                i686_ISR57
                0x0000000000102d5a                i686_ISR58
                0x0000000000102d63                i686_ISR59
                0x0000000000102d6c                i686_ISR60
                0x0000000000102d75                i686_ISR61
                0x0000000000102d7e                i686_ISR62
                0x0000000000102d87                i686_ISR63
                0x0000000000102d90                i686_ISR64
                0x0000000000102d99                i686_ISR65
                0x0000000000102da2                i686_ISR66
                0x0000000000102dab                i686_ISR67
                0x0000000000102db4                i686_ISR68
                0x0000000000102dbd                i686_ISR69
                0x0000000000102dc6                i686_ISR70
                0x0000000000102dcf                i686_ISR71
                0x0000000000102dd8                i686_ISR72
                0x0000000000102de1                i686_ISR73
                0x0000000000102dea                i686_ISR74
                0x0000000000102df3                i686_ISR75
                0x0000000000102dfc                i686_ISR76
                0x0000000000102e05                i686_ISR77
                0x0000000000102e0e                i686_ISR78
                0x0000000000102e17                i686_ISR79
                0x0000000000102e20                i686_ISR80
                0x0000000000102e29                i686_ISR81
                0x0000000000102e32                i686_ISR82
                0x0000000000102e3b                i686_ISR83
                0x0000000000102e44                i686_ISR84
                0x0000000000102e4d                i686_ISR85
                0x0000000000102e56                i686_ISR86
                0x0000000000102e5f                i686_ISR87
                0x0000000000102e68                i686_ISR88
                0x0000000000102e71                i686_ISR89
                0x0000000000102e7a                i686_ISR90
                0x0000000000102e83                i686_ISR91
                0x0000000000102e8c                i686_ISR92
                0x0000000000102e95                i686_ISR93
                0x0000000000102e9e                i686_ISR94
                0x0000000000102ea7                i686_ISR95
                0x0000000000102eb0                i686_ISR96
                0x0000000000102eb9                i686_ISR97
                0x0000000000102ec2                i686_ISR98
                0x0000000000102ecb                i686_ISR99
                0x0000000000102ed4                i686_ISR100
                0x0000000000102edd                i686_ISR101
                0x0000000000102ee6                i686_ISR102
                0x0000000000102eef                i686_ISR103
                0x0000000000102ef8                i686_ISR104
                0x0000000000102f01                i686_ISR105
                0x0000000000102f0a                i686_ISR106
                0x0000000000102f13                i686_ISR107
                0x0000000000102f1c                i686_ISR108
                0x0000000000102f25                i686_ISR109
                0x0000000000102f2e                i686_ISR110
                0x0000000000102f37                i686_ISR111
                0x0000000000102f40                i686_ISR112
                0x0000000000102f49                i686_ISR113
                0x0000000000102f52                i686_ISR114
                0x0000000000102f5b                i686_ISR115
                0x0000000000102f64                i686_ISR116
                0x0000000000102f6d                i686_ISR117
                0x0000000000102f76                i686_ISR118
                0x0000000000102f7f                i686_ISR119
                0x0000000000102f88                i686_ISR120
                0x0000000000102f91                i686_ISR121
                0x0000000000102f9a                i686_ISR122
                0x0000000000102fa3                i686_ISR123
                0x0000000000102fac                i686_ISR124
                0x0000000000102fb5                i686_ISR125
                0x0000000000102fbe                i686_ISR126
                0x0000000000102fc7                i686_ISR127
                0x0000000000102fd0                i686_ISR128
                0x0000000000102fdc                i686_ISR129
                0x0000000000102fe8                i686_ISR130
                0x0000000000102ff4                i686_ISR131
                0x0000000000103000                i686_ISR132
                0x000000000010300c                i686_ISR133
                0x0000000000103018                i686_ISR134
                0x0000000000103024                i686_ISR135
                0x0000000000103030                i686_ISR136
                0x000000000010303c                i686_ISR137
                0x0000000000103048                i686_ISR138
                0x0000000000103054                i686_ISR139
                0x0000000000103060                i686_ISR140
                0x000000000010306c                i686_ISR141
                0x0000000000103078                i686_ISR142
                0x0000000000103084                i686_ISR143
                0x0000000000103090                i686_ISR144
                0x000000000010309c                i686_ISR145
                0x00000000001030a8                i686_ISR146
                0x00000000001030b4                i686_ISR147
                0x00000000001030c0                i686_ISR148
                0x00000000001030cc                i686_ISR149
                0x00000000001030d8                i686_ISR150
                0x00000000001030e4                i686_ISR151
                0x00000000001030f0                i686_ISR152
                0x00000000001030fc                i686_ISR153
                0x0000000000103108                i686_ISR154
                0x0000000000103114                i686_ISR155
                0x0000000000103120                i686_ISR156
                0x000000000010312c                i686_ISR157
                0x0000000000103138                i686_ISR158
                0x0000000000103144                i686_ISR159
                0x0000000000103150                i686_ISR160
                0x000000000010315c                i686_ISR161
                0x0000000000103168                i686_ISR162
                0x0000000000103174                i686_ISR163
                0x0000000000103180                i686_ISR164
                0x000000000010318c                i686_ISR165
                0x0000000000103198                i686_ISR166
                0x00000000001031a4                i686_ISR167
                0x00000000001031b0                i686_ISR168
                0x00000000001031bc                i686_ISR169
                0x00000000001031c8                i686_ISR170
                0x00000000001031d4                i686_ISR171
                0x00000000001031e0                i686_ISR172
                0x00000000001031ec                i686_ISR173
                0x00000000001031f8                i686_ISR174
                0x0000000000103204                i686_ISR175
                0x0000000000103210                i686_ISR176
                0x000000000010321c                i686_ISR177
                0x0000000000103228                i686_ISR178
                0x0000000000103234                i686_ISR179
                0x0000000000103240                i686_ISR180
                0x000000000010324c                i686_ISR181
                0x0000000000103258                i686_ISR182
                0x0000000000103264                i686_ISR183
                0x0000000000103270                i686_ISR184
                0x000000000010327c                i686_ISR185
                0x0000000000103288                i686_ISR186
                0x0000000000103294                i686_ISR187
                0x00000000001032a0                i686_ISR188
                0x00000000001032ac                i686_ISR189
                0x00000000001032b8                i686_ISR190
                0x00000000001032c4                i686_ISR191
                0x00000000001032d0                i686_ISR192
                0x00000000001032dc                i686_ISR193
                0x00000000001032e8                i686_ISR194
                0x00000000001032f4                i686_ISR195
                0x0000000000103300                i686_ISR196
                0x000000000010330c                i686_ISR197
                0x0000000000103318                i686_ISR198
                0x0000000000103324                i686_ISR199
                0x0000000000103330                i686_ISR200
                0x000000000010333c                i686_ISR201
                0x0000000000103348                i686_ISR202
                0x0000000000103354                i686_ISR203
                0x0000000000103360                i686_ISR204
                0x000000000010336c                i686_ISR205
                0x0000000000103378                i686_ISR206
                0x0000000000103384                i686_ISR207
                0x0000000000103390                i686_ISR208
                0x000000000010339c                i686_ISR209
                0x00000000001033a8                i686_ISR210
                0x00000000001033b4                i686_ISR211
                0x00000000001033c0                i686_ISR212
                0x00000000001033cc                i686_ISR213
                0x00000000001033d8                i686_ISR214
                0x00000000001033e4                i686_ISR215
                0x00000000001033f0                i686_ISR216
                0x00000000001033fc                i686_ISR217
                0x0000000000103408                i686_ISR218
                0x0000000000103414                i686_ISR219
                0x0000000000103420                i686_ISR220
                0x000000000010342c                i686_ISR221
                0x0000000000103438                i686_ISR222
                0x0000000000103444                i686_ISR223
                0x0000000000103450                i686_ISR224
                0x000000000010345c                i686_ISR225
                0x0000000000103468                i686_ISR226
                0x0000000000103474                i686_ISR227
                0x0000000000103480                i686_ISR228
                0x000000000010348c                i686_ISR229
                0x0000000000103498                i686_ISR230
                0x00000000001034a4                i686_ISR231
                0x00000000001034b0                i686_ISR232
                0x00000000001034bc                i686_ISR233
                0x00000000001034c8                i686_ISR234
                0x00000000001034d4                i686_ISR235
                0x00000000001034e0                i686_ISR236
                0x00000000001034ec                i686_ISR237
                0x00000000001034f8                i686_ISR238
                0x0000000000103504                i686_ISR239
                0x0000000000103510                i686_ISR240
                0x000000000010351c                i686_ISR241
                0x0000000000103525                i686_ISR242
                0x000000000010352e                i686_ISR243
                0x0000000000103537                i686_ISR244
                0x0000000000103540                i686_ISR245
                0x0000000000103549                i686_ISR246
                0x0000000000103552                i686_ISR247
                0x000000000010355b                i686_ISR248
                0x0000000000103564                i686_ISR249
                0x000000000010356d                i686_ISR250
                0x0000000000103576                i686_ISR251
                0x000000000010357f                i686_ISR252
                0x0000000000103588                i686_ISR253
                0x0000000000103591                i686_ISR254
                0x000000000010359a                i686_ISR255
 *fill*         0x00000000001035cd        0x3 
 .text          0x00000000001035d0       0x41 .toolchains/i686-elf/lib/gcc/i686-elf/11.2.0/crtend.o
 *fill*         0x0000000000103611        0xf 
 .text          0x0000000000103620      0x12a .toolchains/i686-elf/lib/gcc/i686-elf/11.2.0/libgcc.a(_udivdi3.o)
                0x0000000000103620                __udivdi3
 *fill*         0x000000000010374a        0x6 
 .text          0x0000000000103750      0x150 .toolchains/i686-elf/lib/gcc/i686-elf/11.2.0/libgcc.a(_umoddi3.o)
                0x0000000000103750                __umoddi3

.init           0x00000000001038a0        0xf
 .init          0x00000000001038a0        0x3 build/i686_debug/kernel/crti.o
                0x00000000001038a0                _init
 .init          0x00000000001038a3        0x5 .toolchains/i686-elf/lib/gcc/i686-elf/11.2.0/crtbegin.o
 .init          0x00000000001038a8        0x5 .toolchains/i686-elf/lib/gcc/i686-elf/11.2.0/crtend.o
 .init          0x00000000001038ad        0x2 build/i686_debug/kernel/crtn.o

.fini           0x00000000001038af        0xa
 .fini          0x00000000001038af        0x3 build/i686_debug/kernel/crti.o
                0x00000000001038af                _fini
 .fini          0x00000000001038b2        0x5 .toolchains/i686-elf/lib/gcc/i686-elf/11.2.0/crtbegin.o
 .fini          0x00000000001038b7        0x2 build/i686_debug/kernel/crtn.o

.iplt           0x00000000001038b9        0x0
 .iplt          0x00000000001038b9        0x0 build/i686_debug/kernel/crti.o

.data           0x00000000001038bc       0x30
                0x00000000001038bc                __data_start = .
 *(.data)
 .data          0x00000000001038bc        0x4 .toolchains/i686-elf/lib/gcc/i686-elf/11.2.0/crtbegin.o
                0x00000000001038bc                __dso_handle
 .data          0x00000000001038c0        0x0 build/i686_debug/kernel/debug.o
 .data          0x00000000001038c0        0x0 build/i686_debug/kernel/main.o
 .data          0x00000000001038c0        0x0 build/i686_debug/kernel/memory.o
 .data          0x00000000001038c0        0x0 build/i686_debug/kernel/stdio.o
 .data          0x00000000001038c0        0x0 build/i686_debug/kernel/hal/hal.o
 .data          0x00000000001038c0        0x0 build/i686_debug/kernel/hal/vfs.o
 .data          0x00000000001038c0        0x0 build/i686_debug/kernel/arch/i686/e9.o
 .data          0x00000000001038c0       0x1e build/i686_debug/kernel/arch/i686/gdt.o
                0x00000000001038c0                g_GDT
                0x00000000001038d8                g_GDTDescriptor
 .data          0x00000000001038de        0x2 build/i686_debug/kernel/arch/i686/i8259.o
 .data          0x00000000001038e0        0x6 build/i686_debug/kernel/arch/i686/idt.o
                0x00000000001038e0                g_IDTDescriptor
 .data          0x00000000001038e6        0x0 build/i686_debug/kernel/arch/i686/io.o
 .data          0x00000000001038e6        0x0 build/i686_debug/kernel/arch/i686/irq.o
 .data          0x00000000001038e6        0x0 build/i686_debug/kernel/arch/i686/isr.o
 .data          0x00000000001038e6        0x0 build/i686_debug/kernel/arch/i686/isrs_gen.o
 *fill*         0x00000000001038e6        0x2 
 .data          0x00000000001038e8        0x4 build/i686_debug/kernel/arch/i686/vga_text.o
                0x00000000001038e8                g_ScreenBuffer
 .data          0x00000000001038ec        0x0 .toolchains/i686-elf/lib/gcc/i686-elf/11.2.0/crtend.o
 .data          0x00000000001038ec        0x0 .toolchains/i686-elf/lib/gcc/i686-elf/11.2.0/libgcc.a(_udivdi3.o)
 .data          0x00000000001038ec        0x0 .toolchains/i686-elf/lib/gcc/i686-elf/11.2.0/libgcc.a(_umoddi3.o)

.got            0x00000000001038ec        0x0
 .got           0x00000000001038ec        0x0 build/i686_debug/kernel/crti.o

.got.plt        0x00000000001038ec        0x0
 .got.plt       0x00000000001038ec        0x0 build/i686_debug/kernel/crti.o

.igot.plt       0x00000000001038ec        0x0
 .igot.plt      0x00000000001038ec        0x0 build/i686_debug/kernel/crti.o

.ctors          0x00000000001038ec        0x8
 .ctors         0x00000000001038ec        0x4 .toolchains/i686-elf/lib/gcc/i686-elf/11.2.0/crtbegin.o
 .ctors         0x00000000001038f0        0x4 .toolchains/i686-elf/lib/gcc/i686-elf/11.2.0/crtend.o

.dtors          0x00000000001038f4        0x8
 .dtors         0x00000000001038f4        0x4 .toolchains/i686-elf/lib/gcc/i686-elf/11.2.0/crtbegin.o
 .dtors         0x00000000001038f8        0x4 .toolchains/i686-elf/lib/gcc/i686-elf/11.2.0/crtend.o
                0x00000000001038f8                __DTOR_END__

.tm_clone_table
                0x00000000001038fc        0x0
 .tm_clone_table
                0x00000000001038fc        0x0 .toolchains/i686-elf/lib/gcc/i686-elf/11.2.0/crtbegin.o
 .tm_clone_table
                0x00000000001038fc        0x0 .toolchains/i686-elf/lib/gcc/i686-elf/11.2.0/crtend.o

.rodata         0x0000000000103900      0x599
                0x0000000000103900                __rodata_start = .
 *(.rodata)
 .rodata        0x0000000000103900       0x52 build/i686_debug/kernel/debug.o
 *fill*         0x0000000000103952        0x2 
 .rodata        0x0000000000103954       0xc6 build/i686_debug/kernel/main.o
 *fill*         0x0000000000103a1a        0x2 
 .rodata        0x0000000000103a1c       0xae build/i686_debug/kernel/stdio.o
                0x0000000000103a1c                g_HexChars
 *fill*         0x0000000000103aca        0x2 
 .rodata        0x0000000000103acc       0x28 build/i686_debug/kernel/arch/i686/i8259.o
 .rodata        0x0000000000103af4       0x34 build/i686_debug/kernel/arch/i686/irq.o
 *fill*         0x0000000000103b28       0x18 
 .rodata        0x0000000000103b40      0x350 build/i686_debug/kernel/arch/i686/isr.o
 .rodata        0x0000000000103e90        0x9 build/i686_debug/kernel/arch/i686/vga_text.o
                0x0000000000103e90                SCREEN_WIDTH
                0x0000000000103e94                SCREEN_HEIGHT
                0x0000000000103e98                DEFAULT_COLOR

.eh_frame       0x0000000000103e9c       0xc0
 .eh_frame      0x0000000000103e9c        0x0 .toolchains/i686-elf/lib/gcc/i686-elf/11.2.0/crtbegin.o
 .eh_frame      0x0000000000103e9c        0x0 .toolchains/i686-elf/lib/gcc/i686-elf/11.2.0/crtend.o
                                          0x4 (size before relaxing)
 .eh_frame      0x0000000000103e9c       0x64 .toolchains/i686-elf/lib/gcc/i686-elf/11.2.0/libgcc.a(_udivdi3.o)
 .eh_frame      0x0000000000103f00       0x5c .toolchains/i686-elf/lib/gcc/i686-elf/11.2.0/libgcc.a(_umoddi3.o)
                                         0x74 (size before relaxing)

.rel.dyn        0x0000000000103f5c        0x0
 .rel.got       0x0000000000103f5c        0x0 build/i686_debug/kernel/crti.o
 .rel.iplt      0x0000000000103f5c        0x0 build/i686_debug/kernel/crti.o
 .rel.text      0x0000000000103f5c        0x0 build/i686_debug/kernel/crti.o

.bss            0x0000000000103f60      0xca8
                0x0000000000103f60                __bss_start = .
 *(.bss)
 .bss           0x0000000000103f60       0x20 .toolchains/i686-elf/lib/gcc/i686-elf/11.2.0/crtbegin.o
 .bss           0x0000000000103f80        0x0 build/i686_debug/kernel/debug.o
 .bss           0x0000000000103f80        0x0 build/i686_debug/kernel/main.o
 .bss           0x0000000000103f80        0x0 build/i686_debug/kernel/memory.o
 .bss           0x0000000000103f80        0x0 build/i686_debug/kernel/stdio.o
 .bss           0x0000000000103f80        0x0 build/i686_debug/kernel/hal/hal.o
 .bss           0x0000000000103f80        0x0 build/i686_debug/kernel/hal/vfs.o
 .bss           0x0000000000103f80        0x0 build/i686_debug/kernel/arch/i686/e9.o
 .bss           0x0000000000103f80        0x0 build/i686_debug/kernel/arch/i686/gdt.o
 .bss           0x0000000000103f80        0xd build/i686_debug/kernel/arch/i686/i8259.o
                0x0000000000103f80                PIC_ICW1
                0x0000000000103f84                PIC_ICW4
                0x0000000000103f88                PIC_CMD
 *fill*         0x0000000000103f8d       0x13 
 .bss           0x0000000000103fa0      0x800 build/i686_debug/kernel/arch/i686/idt.o
                0x0000000000103fa0                g_IDT
 .bss           0x00000000001047a0        0x0 build/i686_debug/kernel/arch/i686/io.o
 .bss           0x00000000001047a0       0x44 build/i686_debug/kernel/arch/i686/irq.o
                0x00000000001047a0                g_IRQHandlers
 *fill*         0x00000000001047e4       0x1c 
 .bss           0x0000000000104800      0x400 build/i686_debug/kernel/arch/i686/isr.o
                0x0000000000104800                g_ISRHandlers
 .bss           0x0000000000104c00        0x0 build/i686_debug/kernel/arch/i686/isrs_gen.o
 .bss           0x0000000000104c00        0x8 build/i686_debug/kernel/arch/i686/vga_text.o
                0x0000000000104c00                g_ScreenX
                0x0000000000104c04                g_ScreenY
 .bss           0x0000000000104c08        0x0 .toolchains/i686-elf/lib/gcc/i686-elf/11.2.0/crtend.o
 .bss           0x0000000000104c08        0x0 .toolchains/i686-elf/lib/gcc/i686-elf/11.2.0/libgcc.a(_udivdi3.o)
 .bss           0x0000000000104c08        0x0 .toolchains/i686-elf/lib/gcc/i686-elf/11.2.0/libgcc.a(_umoddi3.o)
                0x0000000000104c08                __end = .
LOAD build/i686_debug/kernel/crti.o
LOAD .toolchains/i686-elf/lib/gcc/i686-elf/11.2.0/crtbegin.o
LOAD build/i686_debug/kernel/debug.o
LOAD build/i686_debug/kernel/main.o
LOAD build/i686_debug/kernel/memory.o
LOAD build/i686_debug/kernel/stdio.o
LOAD build/i686_debug/kernel/hal/hal.o
LOAD build/i686_debug/kernel/hal/vfs.o
LOAD build/i686_debug/kernel/arch/i686/e9.o
LOAD build/i686_debug/kernel/arch/i686/gdt.o
LOAD build/i686_debug/kernel/arch/i686/i8259.o
LOAD build/i686_debug/kernel/arch/i686/idt.o
LOAD build/i686_debug/kernel/arch/i686/io.o
LOAD build/i686_debug/kernel/arch/i686/irq.o
LOAD build/i686_debug/kernel/arch/i686/isr.o
LOAD build/i686_debug/kernel/arch/i686/isrs_gen.o
LOAD build/i686_debug/kernel/arch/i686/vga_text.o
LOAD build/i686_debug/kernel/arch/i686/gdt_asm.o
LOAD build/i686_debug/kernel/arch/i686/idt_asm.o
LOAD build/i686_debug/kernel/arch/i686/io_asm.o
LOAD build/i686_debug/kernel/arch/i686/isr_asm.o
LOAD build/i686_debug/libs/core/libcore.o
LOAD .toolchains/i686-elf/lib/gcc/i686-elf/11.2.0/crtend.o
LOAD build/i686_debug/kernel/crtn.o
LOAD .toolchains/i686-elf/lib/gcc/i686-elf/11.2.0/libgcc.a
OUTPUT(build/i686_debug/kernel/kernel.elf elf32-i386)

.debug_aranges  0x0000000000000000      0x2a0
 .debug_aranges
                0x0000000000000000        0x0 build/i686_debug/kernel/crti.o
 .debug_aranges
                0x0000000000000000       0x20 build/i686_debug/kernel/debug.o
 .debug_aranges
                0x0000000000000020       0x20 build/i686_debug/kernel/main.o
 .debug_aranges
                0x0000000000000040       0x20 build/i686_debug/kernel/memory.o
 .debug_aranges
                0x0000000000000060       0x20 build/i686_debug/kernel/stdio.o
 .debug_aranges
                0x0000000000000080       0x20 build/i686_debug/kernel/hal/hal.o
 .debug_aranges
                0x00000000000000a0       0x20 build/i686_debug/kernel/hal/vfs.o
 .debug_aranges
                0x00000000000000c0       0x20 build/i686_debug/kernel/arch/i686/e9.o
 .debug_aranges
                0x00000000000000e0       0x20 build/i686_debug/kernel/arch/i686/gdt.o
 .debug_aranges
                0x0000000000000100       0x20 build/i686_debug/kernel/arch/i686/i8259.o
 .debug_aranges
                0x0000000000000120       0x20 build/i686_debug/kernel/arch/i686/idt.o
 .debug_aranges
                0x0000000000000140       0x20 build/i686_debug/kernel/arch/i686/io.o
 .debug_aranges
                0x0000000000000160       0x20 build/i686_debug/kernel/arch/i686/irq.o
 .debug_aranges
                0x0000000000000180       0x20 build/i686_debug/kernel/arch/i686/isr.o
 .debug_aranges
                0x00000000000001a0       0x20 build/i686_debug/kernel/arch/i686/isrs_gen.o
 .debug_aranges
                0x00000000000001c0       0x20 build/i686_debug/kernel/arch/i686/vga_text.o
 .debug_aranges
                0x00000000000001e0       0x20 build/i686_debug/kernel/arch/i686/gdt_asm.o
 .debug_aranges
                0x0000000000000200       0x20 build/i686_debug/kernel/arch/i686/idt_asm.o
 .debug_aranges
                0x0000000000000220       0x20 build/i686_debug/kernel/arch/i686/io_asm.o
 .debug_aranges
                0x0000000000000240       0x20 build/i686_debug/kernel/arch/i686/isr_asm.o
 .debug_aranges
                0x0000000000000260        0x0 build/i686_debug/kernel/crtn.o
 .debug_aranges
                0x0000000000000260       0x20 .toolchains/i686-elf/lib/gcc/i686-elf/11.2.0/libgcc.a(_udivdi3.o)
 .debug_aranges
                0x0000000000000280       0x20 .toolchains/i686-elf/lib/gcc/i686-elf/11.2.0/libgcc.a(_umoddi3.o)

.debug_pubnames
                0x0000000000000000        0x0
 .debug_pubnames
                0x0000000000000000        0x0 build/i686_debug/kernel/crti.o
 .debug_pubnames
                0x0000000000000000        0x0 build/i686_debug/kernel/arch/i686/gdt_asm.o
 .debug_pubnames
                0x0000000000000000        0x0 build/i686_debug/kernel/arch/i686/idt_asm.o
 .debug_pubnames
                0x0000000000000000        0x0 build/i686_debug/kernel/arch/i686/io_asm.o
 .debug_pubnames
                0x0000000000000000        0x0 build/i686_debug/kernel/arch/i686/isr_asm.o
 .debug_pubnames
                0x0000000000000000        0x0 build/i686_debug/kernel/crtn.o

.debug_info     0x0000000000000000     0x375e
 .debug_info    0x0000000000000000        0x0 build/i686_debug/kernel/crti.o
 .debug_info    0x0000000000000000      0x1c7 build/i686_debug/kernel/debug.o
 .debug_info    0x00000000000001c7      0x3c6 build/i686_debug/kernel/main.o
 .debug_info    0x000000000000058d      0x1e8 build/i686_debug/kernel/memory.o
 .debug_info    0x0000000000000775      0x512 build/i686_debug/kernel/stdio.o
 .debug_info    0x0000000000000c87       0xc0 build/i686_debug/kernel/hal/hal.o
 .debug_info    0x0000000000000d47      0x130 build/i686_debug/kernel/hal/vfs.o
 .debug_info    0x0000000000000e77       0xc5 build/i686_debug/kernel/arch/i686/e9.o
 .debug_info    0x0000000000000f3c      0x1fa build/i686_debug/kernel/arch/i686/gdt.o
 .debug_info    0x0000000000001136      0x3bd build/i686_debug/kernel/arch/i686/i8259.o
 .debug_info    0x00000000000014f3      0x24e build/i686_debug/kernel/arch/i686/idt.o
 .debug_info    0x0000000000001741       0xac build/i686_debug/kernel/arch/i686/io.o
 .debug_info    0x00000000000017ed      0x3ea build/i686_debug/kernel/arch/i686/irq.o
 .debug_info    0x0000000000001bd7      0x2f1 build/i686_debug/kernel/arch/i686/isr.o
 .debug_info    0x0000000000001ec8      0xd09 build/i686_debug/kernel/arch/i686/isrs_gen.o
 .debug_info    0x0000000000002bd1      0x323 build/i686_debug/kernel/arch/i686/vga_text.o
 .debug_info    0x0000000000002ef4       0x7f build/i686_debug/kernel/arch/i686/gdt_asm.o
 .debug_info    0x0000000000002f73       0x7f build/i686_debug/kernel/arch/i686/idt_asm.o
 .debug_info    0x0000000000002ff2       0x7e build/i686_debug/kernel/arch/i686/io_asm.o
 .debug_info    0x0000000000003070       0x7f build/i686_debug/kernel/arch/i686/isr_asm.o
 .debug_info    0x00000000000030ef        0x0 build/i686_debug/kernel/crtn.o
 .debug_info    0x00000000000030ef      0x32c .toolchains/i686-elf/lib/gcc/i686-elf/11.2.0/libgcc.a(_udivdi3.o)
 .debug_info    0x000000000000341b      0x343 .toolchains/i686-elf/lib/gcc/i686-elf/11.2.0/libgcc.a(_umoddi3.o)

.debug_abbrev   0x0000000000000000     0x1301
 .debug_abbrev  0x0000000000000000        0x0 build/i686_debug/kernel/crti.o
 .debug_abbrev  0x0000000000000000       0xf4 build/i686_debug/kernel/debug.o
 .debug_abbrev  0x00000000000000f4      0x16a build/i686_debug/kernel/main.o
 .debug_abbrev  0x000000000000025e       0xe2 build/i686_debug/kernel/memory.o
 .debug_abbrev  0x0000000000000340      0x189 build/i686_debug/kernel/stdio.o
 .debug_abbrev  0x00000000000004c9       0x5a build/i686_debug/kernel/hal/hal.o
 .debug_abbrev  0x0000000000000523       0xb6 build/i686_debug/kernel/hal/vfs.o
 .debug_abbrev  0x00000000000005d9       0x82 build/i686_debug/kernel/arch/i686/e9.o
 .debug_abbrev  0x000000000000065b       0xf0 build/i686_debug/kernel/arch/i686/gdt.o
 .debug_abbrev  0x000000000000074b      0x1ba build/i686_debug/kernel/arch/i686/i8259.o
 .debug_abbrev  0x0000000000000905      0x122 build/i686_debug/kernel/arch/i686/idt.o
 .debug_abbrev  0x0000000000000a27       0x6d build/i686_debug/kernel/arch/i686/io.o
 .debug_abbrev  0x0000000000000a94      0x1b6 build/i686_debug/kernel/arch/i686/irq.o
 .debug_abbrev  0x0000000000000c4a      0x16c build/i686_debug/kernel/arch/i686/isr.o
 .debug_abbrev  0x0000000000000db6       0xbf build/i686_debug/kernel/arch/i686/isrs_gen.o
 .debug_abbrev  0x0000000000000e75      0x14c build/i686_debug/kernel/arch/i686/vga_text.o
 .debug_abbrev  0x0000000000000fc1       0x1d build/i686_debug/kernel/arch/i686/gdt_asm.o
 .debug_abbrev  0x0000000000000fde       0x1d build/i686_debug/kernel/arch/i686/idt_asm.o
 .debug_abbrev  0x0000000000000ffb       0x1d build/i686_debug/kernel/arch/i686/io_asm.o
 .debug_abbrev  0x0000000000001018       0x1d build/i686_debug/kernel/arch/i686/isr_asm.o
 .debug_abbrev  0x0000000000001035        0x0 build/i686_debug/kernel/crtn.o
 .debug_abbrev  0x0000000000001035      0x15b .toolchains/i686-elf/lib/gcc/i686-elf/11.2.0/libgcc.a(_udivdi3.o)
 .debug_abbrev  0x0000000000001190      0x171 .toolchains/i686-elf/lib/gcc/i686-elf/11.2.0/libgcc.a(_umoddi3.o)

.debug_line     0x0000000000000000     0x16d6
 .debug_line    0x0000000000000000        0x0 build/i686_debug/kernel/crti.o
 .debug_line    0x0000000000000000       0x7a build/i686_debug/kernel/debug.o
 .debug_line    0x000000000000007a       0xfb build/i686_debug/kernel/main.o
 .debug_line    0x0000000000000175       0xec build/i686_debug/kernel/memory.o
 .debug_line    0x0000000000000261      0x288 build/i686_debug/kernel/stdio.o
 .debug_line    0x00000000000004e9       0x70 build/i686_debug/kernel/hal/hal.o
 .debug_line    0x0000000000000559       0xc0 build/i686_debug/kernel/hal/vfs.o
 .debug_line    0x0000000000000619       0x5e build/i686_debug/kernel/arch/i686/e9.o
 .debug_line    0x0000000000000677       0x5c build/i686_debug/kernel/arch/i686/gdt.o
 .debug_line    0x00000000000006d3      0x11f build/i686_debug/kernel/arch/i686/i8259.o
 .debug_line    0x00000000000007f2       0x89 build/i686_debug/kernel/arch/i686/idt.o
 .debug_line    0x000000000000087b       0x5e build/i686_debug/kernel/arch/i686/io.o
 .debug_line    0x00000000000008d9      0x100 build/i686_debug/kernel/arch/i686/irq.o
 .debug_line    0x00000000000009d9       0xdf build/i686_debug/kernel/arch/i686/isr.o
 .debug_line    0x0000000000000ab8      0x25f build/i686_debug/kernel/arch/i686/isrs_gen.o
 .debug_line    0x0000000000000d17      0x1f4 build/i686_debug/kernel/arch/i686/vga_text.o
 .debug_line    0x0000000000000f0b       0x5e build/i686_debug/kernel/arch/i686/gdt_asm.o
 .debug_line    0x0000000000000f69       0x54 build/i686_debug/kernel/arch/i686/idt_asm.o
 .debug_line    0x0000000000000fbd       0x5c build/i686_debug/kernel/arch/i686/io_asm.o
 .debug_line    0x0000000000001019      0x36f build/i686_debug/kernel/arch/i686/isr_asm.o
 .debug_line    0x0000000000001388        0x0 build/i686_debug/kernel/crtn.o
 .debug_line    0x0000000000001388      0x179 .toolchains/i686-elf/lib/gcc/i686-elf/11.2.0/libgcc.a(_udivdi3.o)
 .debug_line    0x0000000000001501      0x1d5 .toolchains/i686-elf/lib/gcc/i686-elf/11.2.0/libgcc.a(_umoddi3.o)

.debug_frame    0x0000000000000000      0x870
 .debug_frame   0x0000000000000000        0x0 build/i686_debug/kernel/crti.o
 .debug_frame   0x0000000000000000       0x34 build/i686_debug/kernel/debug.o
 .debug_frame   0x0000000000000034       0x74 build/i686_debug/kernel/main.o
 .debug_frame   0x00000000000000a8       0x74 build/i686_debug/kernel/memory.o
 .debug_frame   0x000000000000011c      0x200 build/i686_debug/kernel/stdio.o
 .debug_frame   0x000000000000031c       0x34 build/i686_debug/kernel/hal/hal.o
 .debug_frame   0x0000000000000350       0x34 build/i686_debug/kernel/hal/vfs.o
 .debug_frame   0x0000000000000384       0x34 build/i686_debug/kernel/arch/i686/e9.o
 .debug_frame   0x00000000000003b8       0x34 build/i686_debug/kernel/arch/i686/gdt.o
 .debug_frame   0x00000000000003ec      0x180 build/i686_debug/kernel/arch/i686/i8259.o
 .debug_frame   0x000000000000056c       0x94 build/i686_debug/kernel/arch/i686/idt.o
 .debug_frame   0x0000000000000600       0x34 build/i686_debug/kernel/arch/i686/io.o
 .debug_frame   0x0000000000000634       0x74 build/i686_debug/kernel/arch/i686/irq.o
 .debug_frame   0x00000000000006a8       0x80 build/i686_debug/kernel/arch/i686/isr.o
 .debug_frame   0x0000000000000728       0x34 build/i686_debug/kernel/arch/i686/isrs_gen.o
 .debug_frame   0x000000000000075c      0x114 build/i686_debug/kernel/arch/i686/vga_text.o
 .debug_frame   0x0000000000000870        0x0 build/i686_debug/kernel/arch/i686/gdt_asm.o
 .debug_frame   0x0000000000000870        0x0 build/i686_debug/kernel/arch/i686/idt_asm.o
 .debug_frame   0x0000000000000870        0x0 build/i686_debug/kernel/arch/i686/io_asm.o
 .debug_frame   0x0000000000000870        0x0 build/i686_debug/kernel/arch/i686/isr_asm.o
 .debug_frame   0x0000000000000870        0x0 build/i686_debug/kernel/crtn.o

.debug_loc      0x0000000000000000        0x0
 .debug_loc     0x0000000000000000        0x0 build/i686_debug/kernel/crti.o
 .debug_loc     0x0000000000000000        0x0 build/i686_debug/kernel/arch/i686/gdt_asm.o
 .debug_loc     0x0000000000000000        0x0 build/i686_debug/kernel/arch/i686/idt_asm.o
 .debug_loc     0x0000000000000000        0x0 build/i686_debug/kernel/arch/i686/io_asm.o
 .debug_loc     0x0000000000000000        0x0 build/i686_debug/kernel/arch/i686/isr_asm.o
 .debug_loc     0x0000000000000000        0x0 build/i686_debug/kernel/crtn.o

.comment        0x0000000000000000       0x12
 .comment       0x0000000000000000       0x12 .toolchains/i686-elf/lib/gcc/i686-elf/11.2.0/crtbegin.o
                                         0x13 (size before relaxing)
 .comment       0x0000000000000012       0x13 build/i686_debug/kernel/debug.o
 .comment       0x0000000000000012       0x13 build/i686_debug/kernel/main.o
 .comment       0x0000000000000012       0x13 build/i686_debug/kernel/memory.o
 .comment       0x0000000000000012       0x13 build/i686_debug/kernel/stdio.o
 .comment       0x0000000000000012       0x13 build/i686_debug/kernel/hal/hal.o
 .comment       0x0000000000000012       0x13 build/i686_debug/kernel/hal/vfs.o
 .comment       0x0000000000000012       0x13 build/i686_debug/kernel/arch/i686/e9.o
 .comment       0x0000000000000012       0x13 build/i686_debug/kernel/arch/i686/gdt.o
 .comment       0x0000000000000012       0x13 build/i686_debug/kernel/arch/i686/i8259.o
 .comment       0x0000000000000012       0x13 build/i686_debug/kernel/arch/i686/idt.o
 .comment       0x0000000000000012       0x13 build/i686_debug/kernel/arch/i686/io.o
 .comment       0x0000000000000012       0x13 build/i686_debug/kernel/arch/i686/irq.o
 .comment       0x0000000000000012       0x13 build/i686_debug/kernel/arch/i686/isr.o
 .comment       0x0000000000000012       0x13 build/i686_debug/kernel/arch/i686/isrs_gen.o
 .comment       0x0000000000000012       0x13 build/i686_debug/kernel/arch/i686/vga_text.o
 .comment       0x0000000000000012       0x13 .toolchains/i686-elf/lib/gcc/i686-elf/11.2.0/crtend.o
 .comment       0x0000000000000012       0x13 .toolchains/i686-elf/lib/gcc/i686-elf/11.2.0/libgcc.a(_udivdi3.o)
 .comment       0x0000000000000012       0x13 .toolchains/i686-elf/lib/gcc/i686-elf/11.2.0/libgcc.a(_umoddi3.o)

.debug_str      0x0000000000000000     0x17a1
 .debug_str     0x0000000000000000      0x150 build/i686_debug/kernel/debug.o
                                        0x199 (size before relaxing)
 .debug_str     0x0000000000000150      0x113 build/i686_debug/kernel/main.o
                                        0x23b (size before relaxing)
 .debug_str     0x0000000000000263       0x4e build/i686_debug/kernel/memory.o
                                        0x129 (size before relaxing)
 .debug_str     0x00000000000002b1       0xb8 build/i686_debug/kernel/stdio.o
                                        0x21f (size before relaxing)
 .debug_str     0x0000000000000369       0x50 build/i686_debug/kernel/hal/hal.o
                                        0x13d (size before relaxing)
 .debug_str     0x00000000000003b9       0x12 build/i686_debug/kernel/hal/vfs.o
                                        0x116 (size before relaxing)
 .debug_str     0x00000000000003cb        0xa build/i686_debug/kernel/arch/i686/e9.o
                                         0xfb (size before relaxing)
 .debug_str     0x00000000000003d5      0x1f8 build/i686_debug/kernel/arch/i686/gdt.o
                                        0x2fe (size before relaxing)
 .debug_str     0x00000000000005cd      0x246 build/i686_debug/kernel/arch/i686/i8259.o
                                        0x377 (size before relaxing)
 .debug_str     0x0000000000000813      0x15f build/i686_debug/kernel/arch/i686/idt.o
                                        0x295 (size before relaxing)
 .debug_str     0x0000000000000972       0xfa build/i686_debug/kernel/arch/i686/io.o
 .debug_str     0x0000000000000972       0x96 build/i686_debug/kernel/arch/i686/irq.o
                                        0x261 (size before relaxing)
 .debug_str     0x0000000000000a08       0x50 build/i686_debug/kernel/arch/i686/isr.o
                                        0x212 (size before relaxing)
 .debug_str     0x0000000000000a58      0xb92 build/i686_debug/kernel/arch/i686/isrs_gen.o
                                        0xd62 (size before relaxing)
 .debug_str     0x00000000000015ea       0x84 build/i686_debug/kernel/arch/i686/vga_text.o
                                        0x1ac (size before relaxing)
 .debug_str     0x000000000000166e      0x129 .toolchains/i686-elf/lib/gcc/i686-elf/11.2.0/libgcc.a(_udivdi3.o)
                                        0x1e3 (size before relaxing)
 .debug_str     0x0000000000001797        0xa .toolchains/i686-elf/lib/gcc/i686-elf/11.2.0/libgcc.a(_umoddi3.o)
                                        0x1e3 (size before relaxing)

.debug_line_str
                0x0000000000000000      0x31f
 .debug_line_str
                0x0000000000000000       0xaf build/i686_debug/kernel/debug.o
                                         0xe1 (size before relaxing)
 .debug_line_str
                0x00000000000000af       0x66 build/i686_debug/kernel/main.o
                                        0x123 (size before relaxing)
 .debug_line_str
                0x0000000000000115       0x14 build/i686_debug/kernel/memory.o
                                         0xc3 (size before relaxing)
 .debug_line_str
                0x0000000000000129       0x1c build/i686_debug/kernel/stdio.o
                                         0xe7 (size before relaxing)
 .debug_line_str
                0x0000000000000145       0x27 build/i686_debug/kernel/hal/hal.o
                                         0xa5 (size before relaxing)
 .debug_line_str
                0x000000000000016c       0x1a build/i686_debug/kernel/hal/vfs.o
                                         0xfa (size before relaxing)
 .debug_line_str
                0x0000000000000186       0x1a build/i686_debug/kernel/arch/i686/e9.o
                                         0xda (size before relaxing)
 .debug_line_str
                0x00000000000001a0       0x1b build/i686_debug/kernel/arch/i686/gdt.o
                                         0xd8 (size before relaxing)
 .debug_line_str
                0x00000000000001bb       0x23 build/i686_debug/kernel/arch/i686/i8259.o
                                         0xe9 (size before relaxing)
 .debug_line_str
                0x00000000000001de       0x1b build/i686_debug/kernel/arch/i686/idt.o
                                         0xde (size before relaxing)
 .debug_line_str
                0x00000000000001f9       0x1a build/i686_debug/kernel/arch/i686/io.o
                                         0xda (size before relaxing)
 .debug_line_str
                0x0000000000000213       0x23 build/i686_debug/kernel/arch/i686/irq.o
                                        0x10a (size before relaxing)
 .debug_line_str
                0x0000000000000236       0x1b build/i686_debug/kernel/arch/i686/isr.o
                                        0x104 (size before relaxing)
 .debug_line_str
                0x0000000000000251       0x20 build/i686_debug/kernel/arch/i686/isrs_gen.o
                                         0xed (size before relaxing)
 .debug_line_str
                0x0000000000000271       0x20 build/i686_debug/kernel/arch/i686/vga_text.o
                                         0xec (size before relaxing)
 .debug_line_str
                0x0000000000000291       0x8e .toolchains/i686-elf/lib/gcc/i686-elf/11.2.0/libgcc.a(_udivdi3.o)
                                        0x101 (size before relaxing)
 .debug_line_str
                0x000000000000031f      0x101 .toolchains/i686-elf/lib/gcc/i686-elf/11.2.0/libgcc.a(_umoddi3.o)

.debug_loclists
                0x0000000000000000      0x9a0
 .debug_loclists
                0x0000000000000000      0x50b .toolchains/i686-elf/lib/gcc/i686-elf/11.2.0/libgcc.a(_udivdi3.o)
 .debug_loclists
                0x000000000000050b      0x495 .toolchains/i686-elf/lib/gcc/i686-elf/11.2.0/libgcc.a(_umoddi3.o)

.debug_rnglists
                0x0000000000000000       0x4a
 .debug_rnglists
                0x0000000000000000       0x2a .toolchains/i686-elf/lib/gcc/i686-elf/11.2.0/libgcc.a(_udivdi3.o)
 .debug_rnglists
                0x000000000000002a       0x20 .toolchains/i686-elf/lib/gcc/i686-elf/11.2.0/libgcc.a(_umoddi3.o)
