Archive member included to satisfy reference by file (symbol)

.toolchains/i686-elf/lib/gcc/i686-elf/11.2.0/libgcc.a(_udivdi3.o)
                              build/i686_debug/kernel/stdio.o (__udivdi3)
.toolchains/i686-elf/lib/gcc/i686-elf/11.2.0/libgcc.a(_umoddi3.o)
                              build/i686_debug/kernel/stdio.o (__umoddi3)

Memory Configuration

Name             Origin             Length             Attributes
*default*        0x0000000000000000 0xffffffffffffffff

Linker script and memory map

                0x0000000000100000                phys = 0x100000
                0x0000000000100000                . = phys

.text           0x0000000000100000     0x3cf0
                0x0000000000100000                __text_start = .
 *(.text)
 .text          0x0000000000100000      0x145 .toolchains/i686-elf/lib/gcc/i686-elf/11.2.0/crtbegin.o
 .text          0x0000000000100145       0x71 build/i686_debug/kernel/debug.o
                0x0000000000100145                logf
 .text          0x00000000001001b6      0x5a7 build/i686_debug/kernel/main.o
                0x00000000001001f4                VGA_move_cursor
                0x00000000001002d5                VGA_word
                0x0000000000100330                timer
                0x0000000000100349                PIC_remap
                0x00000000001003d6                strcmp
                0x0000000000100415                keyboard_handler
                0x0000000000100561                PDE
                0x00000000001005d2                start
 .text          0x000000000010075d       0xf5 build/i686_debug/kernel/memory.o
                0x000000000010075d                memcpy
                0x00000000001007af                memset
                0x00000000001007f2                memcmp
 .text          0x0000000000100852      0x647 build/i686_debug/kernel/stdio.o
                0x0000000000100852                fputc
                0x0000000000100875                fputs
                0x00000000001008a7                fprintf_unsigned
                0x0000000000100963                fprintf_signed
                0x00000000001009c3                vfprintf
                0x0000000000100cde                fprintf
                0x0000000000100d02                fprint_buffer
                0x0000000000100da7                putc
                0x0000000000100dc8                puts
                0x0000000000100de1                printf
                0x0000000000100e04                print_buffer
                0x0000000000100e20                debugc
                0x0000000000100e41                debugs
                0x0000000000100e5a                debugf
                0x0000000000100e7d                debug_buffer
 .text          0x0000000000100e99       0x22 build/i686_debug/kernel/hal/hal.o
                0x0000000000100e99                HAL_Initialize
 .text          0x0000000000100ebb       0xa5 build/i686_debug/kernel/hal/vfs.o
                0x0000000000100ebb                VFS_Write
 .text          0x0000000000100f60       0x27 build/i686_debug/kernel/arch/i686/e9.o
                0x0000000000100f60                e9_putc
 .text          0x0000000000100f87       0x1d build/i686_debug/kernel/arch/i686/gdt.o
                0x0000000000100f87                i686_GDT_Initialize
 .text          0x0000000000100fa4      0x320 build/i686_debug/kernel/arch/i686/i8259.o
                0x0000000000100fa4                i8259_SetMask
                0x0000000000100fff                i8259_GetMask
                0x0000000000101033                i8259_Configure
                0x0000000000101134                i8259_SendEndOfInterrupt
                0x0000000000101164                i8259_Disable
                0x000000000010117d                i8259_Mask
                0x00000000001011ae                i8259_Unmask
                0x00000000001011e1                i8259_ReadIrqRequestRegister
                0x0000000000101239                i8259_ReadInServiceRegister
                0x0000000000101291                i8259_Probe
                0x00000000001012ba                i8259_GetDriver
 .text          0x00000000001012c4       0xbc build/i686_debug/kernel/arch/i686/idt.o
                0x00000000001012c4                i686_IDT_SetGate
                0x0000000000101327                i686_IDT_EnableGate
                0x0000000000101347                i686_IDT_DisableGate
                0x0000000000101367                i686_IDT_Initialize
 .text          0x0000000000101380       0x1b build/i686_debug/kernel/arch/i686/io.o
                0x0000000000101380                i686_iowait
 .text          0x000000000010139b      0x139 build/i686_debug/kernel/arch/i686/irq.o
                0x000000000010139b                i686_IRQ_Handler
                0x00000000001013ff                i686_IRQ_Initialize
                0x00000000001014c1                i686_IRQ_RegisterHandler
 .text          0x00000000001014d4      0x1db build/i686_debug/kernel/arch/i686/isr.o
                0x00000000001014d4                i686_ISR_Initialize
                0x0000000000101516                i686_ISR_Handler
                0x000000000010168b                i686_ISR_RegisterHandler
 .text          0x00000000001016af     0x1489 build/i686_debug/kernel/arch/i686/isrs_gen.o
                0x00000000001016af                i686_ISR_InitializeGates
 .text          0x0000000000102b38      0x40b build/i686_debug/kernel/arch/i686/vga_text.o
                0x0000000000102b38                VGA_putchr
                0x0000000000102b67                VGA_putcolor
                0x0000000000102b99                VGA_getchr
                0x0000000000102bbb                VGA_getcolor
                0x0000000000102be0                VGA_setcursor
                0x0000000000102c51                VGA_clrscr
                0x0000000000102cdf                VGA_scrollback
                0x0000000000102dcd                VGA_putc
 *fill*         0x0000000000102f43        0xd 
 .text          0x0000000000102f50       0x25 build/i686_debug/kernel/arch/i686/gdt_asm.o
                0x0000000000102f50                i686_GDT_Load
 *fill*         0x0000000000102f75        0xb 
 .text          0x0000000000102f80        0xd build/i686_debug/kernel/arch/i686/idt_asm.o
                0x0000000000102f80                i686_IDT_Load
 *fill*         0x0000000000102f8d        0x3 
 .text          0x0000000000102f90       0x1d build/i686_debug/kernel/arch/i686/io_asm.o
                0x0000000000102f90                i686_outb
                0x0000000000102f9b                i686_inb
                0x0000000000102fa4                i686_Panic
                0x0000000000102fa6                i686_EnableInterrupts
                0x0000000000102fa8                i686_DisableInterrupts
                0x0000000000102faa                crash_me
 *fill*         0x0000000000102fad        0x3 
 .text          0x0000000000102fb0      0xa6d build/i686_debug/kernel/arch/i686/isr_asm.o
                0x0000000000102fb0                i686_ISR0
                0x0000000000102fb9                i686_ISR1
                0x0000000000102fc2                i686_ISR2
                0x0000000000102fcb                i686_ISR3
                0x0000000000102fd4                i686_ISR4
                0x0000000000102fdd                i686_ISR5
                0x0000000000102fe6                i686_ISR6
                0x0000000000102fef                i686_ISR7
                0x0000000000102ff8                i686_ISR8
                0x0000000000102fff                i686_ISR9
                0x0000000000103008                i686_ISR10
                0x000000000010300f                i686_ISR11
                0x0000000000103016                i686_ISR12
                0x000000000010301d                i686_ISR13
                0x0000000000103024                i686_ISR14
                0x000000000010302b                i686_ISR15
                0x0000000000103034                i686_ISR16
                0x000000000010303d                i686_ISR17
                0x0000000000103044                i686_ISR18
                0x000000000010304d                i686_ISR19
                0x0000000000103056                i686_ISR20
                0x000000000010305f                i686_ISR21
                0x0000000000103066                i686_ISR22
                0x000000000010306f                i686_ISR23
                0x0000000000103078                i686_ISR24
                0x0000000000103081                i686_ISR25
                0x000000000010308a                i686_ISR26
                0x0000000000103093                i686_ISR27
                0x000000000010309c                i686_ISR28
                0x00000000001030a5                i686_ISR29
                0x00000000001030ae                i686_ISR30
                0x00000000001030b7                i686_ISR31
                0x00000000001030c0                i686_ISR32
                0x00000000001030c9                i686_ISR33
                0x00000000001030d2                i686_ISR34
                0x00000000001030db                i686_ISR35
                0x00000000001030e4                i686_ISR36
                0x00000000001030ed                i686_ISR37
                0x00000000001030f6                i686_ISR38
                0x00000000001030ff                i686_ISR39
                0x0000000000103108                i686_ISR40
                0x0000000000103111                i686_ISR41
                0x000000000010311a                i686_ISR42
                0x0000000000103123                i686_ISR43
                0x000000000010312c                i686_ISR44
                0x0000000000103135                i686_ISR45
                0x000000000010313e                i686_ISR46
                0x0000000000103147                i686_ISR47
                0x0000000000103150                i686_ISR48
                0x0000000000103159                i686_ISR49
                0x0000000000103162                i686_ISR50
                0x000000000010316b                i686_ISR51
                0x0000000000103174                i686_ISR52
                0x000000000010317d                i686_ISR53
                0x0000000000103186                i686_ISR54
                0x000000000010318f                i686_ISR55
                0x0000000000103198                i686_ISR56
                0x00000000001031a1                i686_ISR57
                0x00000000001031aa                i686_ISR58
                0x00000000001031b3                i686_ISR59
                0x00000000001031bc                i686_ISR60
                0x00000000001031c5                i686_ISR61
                0x00000000001031ce                i686_ISR62
                0x00000000001031d7                i686_ISR63
                0x00000000001031e0                i686_ISR64
                0x00000000001031e9                i686_ISR65
                0x00000000001031f2                i686_ISR66
                0x00000000001031fb                i686_ISR67
                0x0000000000103204                i686_ISR68
                0x000000000010320d                i686_ISR69
                0x0000000000103216                i686_ISR70
                0x000000000010321f                i686_ISR71
                0x0000000000103228                i686_ISR72
                0x0000000000103231                i686_ISR73
                0x000000000010323a                i686_ISR74
                0x0000000000103243                i686_ISR75
                0x000000000010324c                i686_ISR76
                0x0000000000103255                i686_ISR77
                0x000000000010325e                i686_ISR78
                0x0000000000103267                i686_ISR79
                0x0000000000103270                i686_ISR80
                0x0000000000103279                i686_ISR81
                0x0000000000103282                i686_ISR82
                0x000000000010328b                i686_ISR83
                0x0000000000103294                i686_ISR84
                0x000000000010329d                i686_ISR85
                0x00000000001032a6                i686_ISR86
                0x00000000001032af                i686_ISR87
                0x00000000001032b8                i686_ISR88
                0x00000000001032c1                i686_ISR89
                0x00000000001032ca                i686_ISR90
                0x00000000001032d3                i686_ISR91
                0x00000000001032dc                i686_ISR92
                0x00000000001032e5                i686_ISR93
                0x00000000001032ee                i686_ISR94
                0x00000000001032f7                i686_ISR95
                0x0000000000103300                i686_ISR96
                0x0000000000103309                i686_ISR97
                0x0000000000103312                i686_ISR98
                0x000000000010331b                i686_ISR99
                0x0000000000103324                i686_ISR100
                0x000000000010332d                i686_ISR101
                0x0000000000103336                i686_ISR102
                0x000000000010333f                i686_ISR103
                0x0000000000103348                i686_ISR104
                0x0000000000103351                i686_ISR105
                0x000000000010335a                i686_ISR106
                0x0000000000103363                i686_ISR107
                0x000000000010336c                i686_ISR108
                0x0000000000103375                i686_ISR109
                0x000000000010337e                i686_ISR110
                0x0000000000103387                i686_ISR111
                0x0000000000103390                i686_ISR112
                0x0000000000103399                i686_ISR113
                0x00000000001033a2                i686_ISR114
                0x00000000001033ab                i686_ISR115
                0x00000000001033b4                i686_ISR116
                0x00000000001033bd                i686_ISR117
                0x00000000001033c6                i686_ISR118
                0x00000000001033cf                i686_ISR119
                0x00000000001033d8                i686_ISR120
                0x00000000001033e1                i686_ISR121
                0x00000000001033ea                i686_ISR122
                0x00000000001033f3                i686_ISR123
                0x00000000001033fc                i686_ISR124
                0x0000000000103405                i686_ISR125
                0x000000000010340e                i686_ISR126
                0x0000000000103417                i686_ISR127
                0x0000000000103420                i686_ISR128
                0x000000000010342c                i686_ISR129
                0x0000000000103438                i686_ISR130
                0x0000000000103444                i686_ISR131
                0x0000000000103450                i686_ISR132
                0x000000000010345c                i686_ISR133
                0x0000000000103468                i686_ISR134
                0x0000000000103474                i686_ISR135
                0x0000000000103480                i686_ISR136
                0x000000000010348c                i686_ISR137
                0x0000000000103498                i686_ISR138
                0x00000000001034a4                i686_ISR139
                0x00000000001034b0                i686_ISR140
                0x00000000001034bc                i686_ISR141
                0x00000000001034c8                i686_ISR142
                0x00000000001034d4                i686_ISR143
                0x00000000001034e0                i686_ISR144
                0x00000000001034ec                i686_ISR145
                0x00000000001034f8                i686_ISR146
                0x0000000000103504                i686_ISR147
                0x0000000000103510                i686_ISR148
                0x000000000010351c                i686_ISR149
                0x0000000000103528                i686_ISR150
                0x0000000000103534                i686_ISR151
                0x0000000000103540                i686_ISR152
                0x000000000010354c                i686_ISR153
                0x0000000000103558                i686_ISR154
                0x0000000000103564                i686_ISR155
                0x0000000000103570                i686_ISR156
                0x000000000010357c                i686_ISR157
                0x0000000000103588                i686_ISR158
                0x0000000000103594                i686_ISR159
                0x00000000001035a0                i686_ISR160
                0x00000000001035ac                i686_ISR161
                0x00000000001035b8                i686_ISR162
                0x00000000001035c4                i686_ISR163
                0x00000000001035d0                i686_ISR164
                0x00000000001035dc                i686_ISR165
                0x00000000001035e8                i686_ISR166
                0x00000000001035f4                i686_ISR167
                0x0000000000103600                i686_ISR168
                0x000000000010360c                i686_ISR169
                0x0000000000103618                i686_ISR170
                0x0000000000103624                i686_ISR171
                0x0000000000103630                i686_ISR172
                0x000000000010363c                i686_ISR173
                0x0000000000103648                i686_ISR174
                0x0000000000103654                i686_ISR175
                0x0000000000103660                i686_ISR176
                0x000000000010366c                i686_ISR177
                0x0000000000103678                i686_ISR178
                0x0000000000103684                i686_ISR179
                0x0000000000103690                i686_ISR180
                0x000000000010369c                i686_ISR181
                0x00000000001036a8                i686_ISR182
                0x00000000001036b4                i686_ISR183
                0x00000000001036c0                i686_ISR184
                0x00000000001036cc                i686_ISR185
                0x00000000001036d8                i686_ISR186
                0x00000000001036e4                i686_ISR187
                0x00000000001036f0                i686_ISR188
                0x00000000001036fc                i686_ISR189
                0x0000000000103708                i686_ISR190
                0x0000000000103714                i686_ISR191
                0x0000000000103720                i686_ISR192
                0x000000000010372c                i686_ISR193
                0x0000000000103738                i686_ISR194
                0x0000000000103744                i686_ISR195
                0x0000000000103750                i686_ISR196
                0x000000000010375c                i686_ISR197
                0x0000000000103768                i686_ISR198
                0x0000000000103774                i686_ISR199
                0x0000000000103780                i686_ISR200
                0x000000000010378c                i686_ISR201
                0x0000000000103798                i686_ISR202
                0x00000000001037a4                i686_ISR203
                0x00000000001037b0                i686_ISR204
                0x00000000001037bc                i686_ISR205
                0x00000000001037c8                i686_ISR206
                0x00000000001037d4                i686_ISR207
                0x00000000001037e0                i686_ISR208
                0x00000000001037ec                i686_ISR209
                0x00000000001037f8                i686_ISR210
                0x0000000000103804                i686_ISR211
                0x0000000000103810                i686_ISR212
                0x000000000010381c                i686_ISR213
                0x0000000000103828                i686_ISR214
                0x0000000000103834                i686_ISR215
                0x0000000000103840                i686_ISR216
                0x000000000010384c                i686_ISR217
                0x0000000000103858                i686_ISR218
                0x0000000000103864                i686_ISR219
                0x0000000000103870                i686_ISR220
                0x000000000010387c                i686_ISR221
                0x0000000000103888                i686_ISR222
                0x0000000000103894                i686_ISR223
                0x00000000001038a0                i686_ISR224
                0x00000000001038ac                i686_ISR225
                0x00000000001038b8                i686_ISR226
                0x00000000001038c4                i686_ISR227
                0x00000000001038d0                i686_ISR228
                0x00000000001038dc                i686_ISR229
                0x00000000001038e8                i686_ISR230
                0x00000000001038f4                i686_ISR231
                0x0000000000103900                i686_ISR232
                0x000000000010390c                i686_ISR233
                0x0000000000103918                i686_ISR234
                0x0000000000103924                i686_ISR235
                0x0000000000103930                i686_ISR236
                0x000000000010393c                i686_ISR237
                0x0000000000103948                i686_ISR238
                0x0000000000103954                i686_ISR239
                0x0000000000103960                i686_ISR240
                0x000000000010396c                i686_ISR241
                0x0000000000103975                i686_ISR242
                0x000000000010397e                i686_ISR243
                0x0000000000103987                i686_ISR244
                0x0000000000103990                i686_ISR245
                0x0000000000103999                i686_ISR246
                0x00000000001039a2                i686_ISR247
                0x00000000001039ab                i686_ISR248
                0x00000000001039b4                i686_ISR249
                0x00000000001039bd                i686_ISR250
                0x00000000001039c6                i686_ISR251
                0x00000000001039cf                i686_ISR252
                0x00000000001039d8                i686_ISR253
                0x00000000001039e1                i686_ISR254
                0x00000000001039ea                i686_ISR255
 *fill*         0x0000000000103a1d        0x3 
 .text          0x0000000000103a20       0x41 .toolchains/i686-elf/lib/gcc/i686-elf/11.2.0/crtend.o
 *fill*         0x0000000000103a61        0xf 
 .text          0x0000000000103a70      0x12a .toolchains/i686-elf/lib/gcc/i686-elf/11.2.0/libgcc.a(_udivdi3.o)
                0x0000000000103a70                __udivdi3
 *fill*         0x0000000000103b9a        0x6 
 .text          0x0000000000103ba0      0x150 .toolchains/i686-elf/lib/gcc/i686-elf/11.2.0/libgcc.a(_umoddi3.o)
                0x0000000000103ba0                __umoddi3

.init           0x0000000000103cf0        0xf
 .init          0x0000000000103cf0        0x3 build/i686_debug/kernel/crti.o
                0x0000000000103cf0                _init
 .init          0x0000000000103cf3        0x5 .toolchains/i686-elf/lib/gcc/i686-elf/11.2.0/crtbegin.o
 .init          0x0000000000103cf8        0x5 .toolchains/i686-elf/lib/gcc/i686-elf/11.2.0/crtend.o
 .init          0x0000000000103cfd        0x2 build/i686_debug/kernel/crtn.o

.fini           0x0000000000103cff        0xa
 .fini          0x0000000000103cff        0x3 build/i686_debug/kernel/crti.o
                0x0000000000103cff                _fini
 .fini          0x0000000000103d02        0x5 .toolchains/i686-elf/lib/gcc/i686-elf/11.2.0/crtbegin.o
 .fini          0x0000000000103d07        0x2 build/i686_debug/kernel/crtn.o

.iplt           0x0000000000103d09        0x0
 .iplt          0x0000000000103d09        0x0 build/i686_debug/kernel/crti.o

.data           0x0000000000103d20      0x16c
                0x0000000000103d20                __data_start = .
 *(.data)
 .data          0x0000000000103d20        0x4 .toolchains/i686-elf/lib/gcc/i686-elf/11.2.0/crtbegin.o
                0x0000000000103d20                __dso_handle
 .data          0x0000000000103d24        0x0 build/i686_debug/kernel/debug.o
 *fill*         0x0000000000103d24       0x1c 
 .data          0x0000000000103d40      0x120 build/i686_debug/kernel/main.o
                0x0000000000103d40                pde_text
 .data          0x0000000000103e60        0x0 build/i686_debug/kernel/memory.o
 .data          0x0000000000103e60        0x0 build/i686_debug/kernel/stdio.o
 .data          0x0000000000103e60        0x0 build/i686_debug/kernel/hal/hal.o
 .data          0x0000000000103e60        0x0 build/i686_debug/kernel/hal/vfs.o
 .data          0x0000000000103e60        0x0 build/i686_debug/kernel/arch/i686/e9.o
 .data          0x0000000000103e60       0x1e build/i686_debug/kernel/arch/i686/gdt.o
                0x0000000000103e60                g_GDT
                0x0000000000103e78                g_GDTDescriptor
 .data          0x0000000000103e7e        0x2 build/i686_debug/kernel/arch/i686/i8259.o
 .data          0x0000000000103e80        0x6 build/i686_debug/kernel/arch/i686/idt.o
                0x0000000000103e80                g_IDTDescriptor
 .data          0x0000000000103e86        0x0 build/i686_debug/kernel/arch/i686/io.o
 .data          0x0000000000103e86        0x0 build/i686_debug/kernel/arch/i686/irq.o
 .data          0x0000000000103e86        0x0 build/i686_debug/kernel/arch/i686/isr.o
 .data          0x0000000000103e86        0x0 build/i686_debug/kernel/arch/i686/isrs_gen.o
 *fill*         0x0000000000103e86        0x2 
 .data          0x0000000000103e88        0x4 build/i686_debug/kernel/arch/i686/vga_text.o
                0x0000000000103e88                g_ScreenBuffer
 .data          0x0000000000103e8c        0x0 .toolchains/i686-elf/lib/gcc/i686-elf/11.2.0/crtend.o
 .data          0x0000000000103e8c        0x0 .toolchains/i686-elf/lib/gcc/i686-elf/11.2.0/libgcc.a(_udivdi3.o)
 .data          0x0000000000103e8c        0x0 .toolchains/i686-elf/lib/gcc/i686-elf/11.2.0/libgcc.a(_umoddi3.o)

.got            0x0000000000103e8c        0x0
 .got           0x0000000000103e8c        0x0 build/i686_debug/kernel/crti.o

.got.plt        0x0000000000103e8c        0x0
 .got.plt       0x0000000000103e8c        0x0 build/i686_debug/kernel/crti.o

.igot.plt       0x0000000000103e8c        0x0
 .igot.plt      0x0000000000103e8c        0x0 build/i686_debug/kernel/crti.o

.ctors          0x0000000000103e8c        0x8
 .ctors         0x0000000000103e8c        0x4 .toolchains/i686-elf/lib/gcc/i686-elf/11.2.0/crtbegin.o
 .ctors         0x0000000000103e90        0x4 .toolchains/i686-elf/lib/gcc/i686-elf/11.2.0/crtend.o

.dtors          0x0000000000103e94        0x8
 .dtors         0x0000000000103e94        0x4 .toolchains/i686-elf/lib/gcc/i686-elf/11.2.0/crtbegin.o
 .dtors         0x0000000000103e98        0x4 .toolchains/i686-elf/lib/gcc/i686-elf/11.2.0/crtend.o
                0x0000000000103e98                __DTOR_END__

.tm_clone_table
                0x0000000000103e9c        0x0
 .tm_clone_table
                0x0000000000103e9c        0x0 .toolchains/i686-elf/lib/gcc/i686-elf/11.2.0/crtbegin.o
 .tm_clone_table
                0x0000000000103e9c        0x0 .toolchains/i686-elf/lib/gcc/i686-elf/11.2.0/crtend.o

.rodata         0x0000000000103ea0      0xd79
                0x0000000000103ea0                __rodata_start = .
 *(.rodata)
 .rodata        0x0000000000103ea0       0x52 build/i686_debug/kernel/debug.o
 *fill*         0x0000000000103ef2        0x2 
 .rodata        0x0000000000103ef4      0x8ae build/i686_debug/kernel/main.o
 *fill*         0x00000000001047a2        0x2 
 .rodata        0x00000000001047a4       0xae build/i686_debug/kernel/stdio.o
                0x00000000001047a4                g_HexChars
 *fill*         0x0000000000104852        0x2 
 .rodata        0x0000000000104854       0x28 build/i686_debug/kernel/arch/i686/i8259.o
 .rodata        0x000000000010487c       0x34 build/i686_debug/kernel/arch/i686/irq.o
 *fill*         0x00000000001048b0       0x10 
 .rodata        0x00000000001048c0      0x350 build/i686_debug/kernel/arch/i686/isr.o
 .rodata        0x0000000000104c10        0x9 build/i686_debug/kernel/arch/i686/vga_text.o
                0x0000000000104c10                SCREEN_WIDTH
                0x0000000000104c14                SCREEN_HEIGHT
                0x0000000000104c18                DEFAULT_COLOR

.eh_frame       0x0000000000104c1c       0xc0
 .eh_frame      0x0000000000104c1c        0x0 .toolchains/i686-elf/lib/gcc/i686-elf/11.2.0/crtbegin.o
 .eh_frame      0x0000000000104c1c        0x0 .toolchains/i686-elf/lib/gcc/i686-elf/11.2.0/crtend.o
                                          0x4 (size before relaxing)
 .eh_frame      0x0000000000104c1c       0x64 .toolchains/i686-elf/lib/gcc/i686-elf/11.2.0/libgcc.a(_udivdi3.o)
 .eh_frame      0x0000000000104c80       0x5c .toolchains/i686-elf/lib/gcc/i686-elf/11.2.0/libgcc.a(_umoddi3.o)
                                         0x74 (size before relaxing)

.rel.dyn        0x0000000000104cdc        0x0
 .rel.got       0x0000000000104cdc        0x0 build/i686_debug/kernel/crti.o
 .rel.iplt      0x0000000000104cdc        0x0 build/i686_debug/kernel/crti.o
 .rel.text      0x0000000000104cdc        0x0 build/i686_debug/kernel/crti.o

.bss            0x0000000000104ce0     0x10c8
                0x0000000000104ce0                __bss_start = .
 *(.bss)
 .bss           0x0000000000104ce0       0x20 .toolchains/i686-elf/lib/gcc/i686-elf/11.2.0/crtbegin.o
 .bss           0x0000000000104d00        0x0 build/i686_debug/kernel/debug.o
 .bss           0x0000000000104d00      0x428 build/i686_debug/kernel/main.o
 .bss           0x0000000000105128        0x0 build/i686_debug/kernel/memory.o
 .bss           0x0000000000105128        0x0 build/i686_debug/kernel/stdio.o
 .bss           0x0000000000105128        0x0 build/i686_debug/kernel/hal/hal.o
 .bss           0x0000000000105128        0x0 build/i686_debug/kernel/hal/vfs.o
 .bss           0x0000000000105128        0x0 build/i686_debug/kernel/arch/i686/e9.o
 .bss           0x0000000000105128        0x0 build/i686_debug/kernel/arch/i686/gdt.o
 .bss           0x0000000000105128        0xd build/i686_debug/kernel/arch/i686/i8259.o
                0x0000000000105128                PIC_ICW1
                0x000000000010512c                PIC_ICW4
                0x0000000000105130                PIC_CMD
 *fill*         0x0000000000105135        0xb 
 .bss           0x0000000000105140      0x800 build/i686_debug/kernel/arch/i686/idt.o
                0x0000000000105140                g_IDT
 .bss           0x0000000000105940        0x0 build/i686_debug/kernel/arch/i686/io.o
 .bss           0x0000000000105940       0x44 build/i686_debug/kernel/arch/i686/irq.o
                0x0000000000105940                g_IRQHandlers
 *fill*         0x0000000000105984       0x1c 
 .bss           0x00000000001059a0      0x400 build/i686_debug/kernel/arch/i686/isr.o
                0x00000000001059a0                g_ISRHandlers
 .bss           0x0000000000105da0        0x0 build/i686_debug/kernel/arch/i686/isrs_gen.o
 .bss           0x0000000000105da0        0x8 build/i686_debug/kernel/arch/i686/vga_text.o
                0x0000000000105da0                g_ScreenX
                0x0000000000105da4                g_ScreenY
 .bss           0x0000000000105da8        0x0 .toolchains/i686-elf/lib/gcc/i686-elf/11.2.0/crtend.o
 .bss           0x0000000000105da8        0x0 .toolchains/i686-elf/lib/gcc/i686-elf/11.2.0/libgcc.a(_udivdi3.o)
 .bss           0x0000000000105da8        0x0 .toolchains/i686-elf/lib/gcc/i686-elf/11.2.0/libgcc.a(_umoddi3.o)
                0x0000000000105da8                __end = .
LOAD build/i686_debug/kernel/crti.o
LOAD .toolchains/i686-elf/lib/gcc/i686-elf/11.2.0/crtbegin.o
LOAD build/i686_debug/kernel/debug.o
LOAD build/i686_debug/kernel/main.o
LOAD build/i686_debug/kernel/memory.o
LOAD build/i686_debug/kernel/stdio.o
LOAD build/i686_debug/kernel/hal/hal.o
LOAD build/i686_debug/kernel/hal/vfs.o
LOAD build/i686_debug/kernel/arch/i686/e9.o
LOAD build/i686_debug/kernel/arch/i686/gdt.o
LOAD build/i686_debug/kernel/arch/i686/i8259.o
LOAD build/i686_debug/kernel/arch/i686/idt.o
LOAD build/i686_debug/kernel/arch/i686/io.o
LOAD build/i686_debug/kernel/arch/i686/irq.o
LOAD build/i686_debug/kernel/arch/i686/isr.o
LOAD build/i686_debug/kernel/arch/i686/isrs_gen.o
LOAD build/i686_debug/kernel/arch/i686/vga_text.o
LOAD build/i686_debug/kernel/arch/i686/gdt_asm.o
LOAD build/i686_debug/kernel/arch/i686/idt_asm.o
LOAD build/i686_debug/kernel/arch/i686/io_asm.o
LOAD build/i686_debug/kernel/arch/i686/isr_asm.o
LOAD build/i686_debug/libs/core/libcore.o
LOAD .toolchains/i686-elf/lib/gcc/i686-elf/11.2.0/crtend.o
LOAD build/i686_debug/kernel/crtn.o
LOAD .toolchains/i686-elf/lib/gcc/i686-elf/11.2.0/libgcc.a
OUTPUT(build/i686_debug/kernel/kernel.elf elf32-i386)

.debug_aranges  0x0000000000000000      0x2a0
 .debug_aranges
                0x0000000000000000        0x0 build/i686_debug/kernel/crti.o
 .debug_aranges
                0x0000000000000000       0x20 build/i686_debug/kernel/debug.o
 .debug_aranges
                0x0000000000000020       0x20 build/i686_debug/kernel/main.o
 .debug_aranges
                0x0000000000000040       0x20 build/i686_debug/kernel/memory.o
 .debug_aranges
                0x0000000000000060       0x20 build/i686_debug/kernel/stdio.o
 .debug_aranges
                0x0000000000000080       0x20 build/i686_debug/kernel/hal/hal.o
 .debug_aranges
                0x00000000000000a0       0x20 build/i686_debug/kernel/hal/vfs.o
 .debug_aranges
                0x00000000000000c0       0x20 build/i686_debug/kernel/arch/i686/e9.o
 .debug_aranges
                0x00000000000000e0       0x20 build/i686_debug/kernel/arch/i686/gdt.o
 .debug_aranges
                0x0000000000000100       0x20 build/i686_debug/kernel/arch/i686/i8259.o
 .debug_aranges
                0x0000000000000120       0x20 build/i686_debug/kernel/arch/i686/idt.o
 .debug_aranges
                0x0000000000000140       0x20 build/i686_debug/kernel/arch/i686/io.o
 .debug_aranges
                0x0000000000000160       0x20 build/i686_debug/kernel/arch/i686/irq.o
 .debug_aranges
                0x0000000000000180       0x20 build/i686_debug/kernel/arch/i686/isr.o
 .debug_aranges
                0x00000000000001a0       0x20 build/i686_debug/kernel/arch/i686/isrs_gen.o
 .debug_aranges
                0x00000000000001c0       0x20 build/i686_debug/kernel/arch/i686/vga_text.o
 .debug_aranges
                0x00000000000001e0       0x20 build/i686_debug/kernel/arch/i686/gdt_asm.o
 .debug_aranges
                0x0000000000000200       0x20 build/i686_debug/kernel/arch/i686/idt_asm.o
 .debug_aranges
                0x0000000000000220       0x20 build/i686_debug/kernel/arch/i686/io_asm.o
 .debug_aranges
                0x0000000000000240       0x20 build/i686_debug/kernel/arch/i686/isr_asm.o
 .debug_aranges
                0x0000000000000260        0x0 build/i686_debug/kernel/crtn.o
 .debug_aranges
                0x0000000000000260       0x20 .toolchains/i686-elf/lib/gcc/i686-elf/11.2.0/libgcc.a(_udivdi3.o)
 .debug_aranges
                0x0000000000000280       0x20 .toolchains/i686-elf/lib/gcc/i686-elf/11.2.0/libgcc.a(_umoddi3.o)

.debug_pubnames
                0x0000000000000000        0x0
 .debug_pubnames
                0x0000000000000000        0x0 build/i686_debug/kernel/crti.o
 .debug_pubnames
                0x0000000000000000        0x0 build/i686_debug/kernel/arch/i686/gdt_asm.o
 .debug_pubnames
                0x0000000000000000        0x0 build/i686_debug/kernel/arch/i686/idt_asm.o
 .debug_pubnames
                0x0000000000000000        0x0 build/i686_debug/kernel/arch/i686/io_asm.o
 .debug_pubnames
                0x0000000000000000        0x0 build/i686_debug/kernel/arch/i686/isr_asm.o
 .debug_pubnames
                0x0000000000000000        0x0 build/i686_debug/kernel/crtn.o

.debug_info     0x0000000000000000     0x3995
 .debug_info    0x0000000000000000        0x0 build/i686_debug/kernel/crti.o
 .debug_info    0x0000000000000000      0x1c7 build/i686_debug/kernel/debug.o
 .debug_info    0x00000000000001c7      0x5fd build/i686_debug/kernel/main.o
 .debug_info    0x00000000000007c4      0x1e8 build/i686_debug/kernel/memory.o
 .debug_info    0x00000000000009ac      0x512 build/i686_debug/kernel/stdio.o
 .debug_info    0x0000000000000ebe       0xc0 build/i686_debug/kernel/hal/hal.o
 .debug_info    0x0000000000000f7e      0x130 build/i686_debug/kernel/hal/vfs.o
 .debug_info    0x00000000000010ae       0xc5 build/i686_debug/kernel/arch/i686/e9.o
 .debug_info    0x0000000000001173      0x1fa build/i686_debug/kernel/arch/i686/gdt.o
 .debug_info    0x000000000000136d      0x3bd build/i686_debug/kernel/arch/i686/i8259.o
 .debug_info    0x000000000000172a      0x24e build/i686_debug/kernel/arch/i686/idt.o
 .debug_info    0x0000000000001978       0xac build/i686_debug/kernel/arch/i686/io.o
 .debug_info    0x0000000000001a24      0x3ea build/i686_debug/kernel/arch/i686/irq.o
 .debug_info    0x0000000000001e0e      0x2f1 build/i686_debug/kernel/arch/i686/isr.o
 .debug_info    0x00000000000020ff      0xd09 build/i686_debug/kernel/arch/i686/isrs_gen.o
 .debug_info    0x0000000000002e08      0x323 build/i686_debug/kernel/arch/i686/vga_text.o
 .debug_info    0x000000000000312b       0x7f build/i686_debug/kernel/arch/i686/gdt_asm.o
 .debug_info    0x00000000000031aa       0x7f build/i686_debug/kernel/arch/i686/idt_asm.o
 .debug_info    0x0000000000003229       0x7e build/i686_debug/kernel/arch/i686/io_asm.o
 .debug_info    0x00000000000032a7       0x7f build/i686_debug/kernel/arch/i686/isr_asm.o
 .debug_info    0x0000000000003326        0x0 build/i686_debug/kernel/crtn.o
 .debug_info    0x0000000000003326      0x32c .toolchains/i686-elf/lib/gcc/i686-elf/11.2.0/libgcc.a(_udivdi3.o)
 .debug_info    0x0000000000003652      0x343 .toolchains/i686-elf/lib/gcc/i686-elf/11.2.0/libgcc.a(_umoddi3.o)

.debug_abbrev   0x0000000000000000     0x1373
 .debug_abbrev  0x0000000000000000        0x0 build/i686_debug/kernel/crti.o
 .debug_abbrev  0x0000000000000000       0xf4 build/i686_debug/kernel/debug.o
 .debug_abbrev  0x00000000000000f4      0x1dc build/i686_debug/kernel/main.o
 .debug_abbrev  0x00000000000002d0       0xe2 build/i686_debug/kernel/memory.o
 .debug_abbrev  0x00000000000003b2      0x189 build/i686_debug/kernel/stdio.o
 .debug_abbrev  0x000000000000053b       0x5a build/i686_debug/kernel/hal/hal.o
 .debug_abbrev  0x0000000000000595       0xb6 build/i686_debug/kernel/hal/vfs.o
 .debug_abbrev  0x000000000000064b       0x82 build/i686_debug/kernel/arch/i686/e9.o
 .debug_abbrev  0x00000000000006cd       0xf0 build/i686_debug/kernel/arch/i686/gdt.o
 .debug_abbrev  0x00000000000007bd      0x1ba build/i686_debug/kernel/arch/i686/i8259.o
 .debug_abbrev  0x0000000000000977      0x122 build/i686_debug/kernel/arch/i686/idt.o
 .debug_abbrev  0x0000000000000a99       0x6d build/i686_debug/kernel/arch/i686/io.o
 .debug_abbrev  0x0000000000000b06      0x1b6 build/i686_debug/kernel/arch/i686/irq.o
 .debug_abbrev  0x0000000000000cbc      0x16c build/i686_debug/kernel/arch/i686/isr.o
 .debug_abbrev  0x0000000000000e28       0xbf build/i686_debug/kernel/arch/i686/isrs_gen.o
 .debug_abbrev  0x0000000000000ee7      0x14c build/i686_debug/kernel/arch/i686/vga_text.o
 .debug_abbrev  0x0000000000001033       0x1d build/i686_debug/kernel/arch/i686/gdt_asm.o
 .debug_abbrev  0x0000000000001050       0x1d build/i686_debug/kernel/arch/i686/idt_asm.o
 .debug_abbrev  0x000000000000106d       0x1d build/i686_debug/kernel/arch/i686/io_asm.o
 .debug_abbrev  0x000000000000108a       0x1d build/i686_debug/kernel/arch/i686/isr_asm.o
 .debug_abbrev  0x00000000000010a7        0x0 build/i686_debug/kernel/crtn.o
 .debug_abbrev  0x00000000000010a7      0x15b .toolchains/i686-elf/lib/gcc/i686-elf/11.2.0/libgcc.a(_udivdi3.o)
 .debug_abbrev  0x0000000000001202      0x171 .toolchains/i686-elf/lib/gcc/i686-elf/11.2.0/libgcc.a(_umoddi3.o)

.debug_line     0x0000000000000000     0x1878
 .debug_line    0x0000000000000000        0x0 build/i686_debug/kernel/crti.o
 .debug_line    0x0000000000000000       0x7a build/i686_debug/kernel/debug.o
 .debug_line    0x000000000000007a      0x289 build/i686_debug/kernel/main.o
 .debug_line    0x0000000000000303       0xec build/i686_debug/kernel/memory.o
 .debug_line    0x00000000000003ef      0x288 build/i686_debug/kernel/stdio.o
 .debug_line    0x0000000000000677       0x70 build/i686_debug/kernel/hal/hal.o
 .debug_line    0x00000000000006e7       0xc0 build/i686_debug/kernel/hal/vfs.o
 .debug_line    0x00000000000007a7       0x5e build/i686_debug/kernel/arch/i686/e9.o
 .debug_line    0x0000000000000805       0x5c build/i686_debug/kernel/arch/i686/gdt.o
 .debug_line    0x0000000000000861      0x11f build/i686_debug/kernel/arch/i686/i8259.o
 .debug_line    0x0000000000000980       0x89 build/i686_debug/kernel/arch/i686/idt.o
 .debug_line    0x0000000000000a09       0x5e build/i686_debug/kernel/arch/i686/io.o
 .debug_line    0x0000000000000a67      0x100 build/i686_debug/kernel/arch/i686/irq.o
 .debug_line    0x0000000000000b67       0xdf build/i686_debug/kernel/arch/i686/isr.o
 .debug_line    0x0000000000000c46      0x25f build/i686_debug/kernel/arch/i686/isrs_gen.o
 .debug_line    0x0000000000000ea5      0x208 build/i686_debug/kernel/arch/i686/vga_text.o
 .debug_line    0x00000000000010ad       0x5e build/i686_debug/kernel/arch/i686/gdt_asm.o
 .debug_line    0x000000000000110b       0x54 build/i686_debug/kernel/arch/i686/idt_asm.o
 .debug_line    0x000000000000115f       0x5c build/i686_debug/kernel/arch/i686/io_asm.o
 .debug_line    0x00000000000011bb      0x36f build/i686_debug/kernel/arch/i686/isr_asm.o
 .debug_line    0x000000000000152a        0x0 build/i686_debug/kernel/crtn.o
 .debug_line    0x000000000000152a      0x179 .toolchains/i686-elf/lib/gcc/i686-elf/11.2.0/libgcc.a(_udivdi3.o)
 .debug_line    0x00000000000016a3      0x1d5 .toolchains/i686-elf/lib/gcc/i686-elf/11.2.0/libgcc.a(_umoddi3.o)

.debug_frame    0x0000000000000000      0x958
 .debug_frame   0x0000000000000000        0x0 build/i686_debug/kernel/crti.o
 .debug_frame   0x0000000000000000       0x34 build/i686_debug/kernel/debug.o
 .debug_frame   0x0000000000000034      0x158 build/i686_debug/kernel/main.o
 .debug_frame   0x000000000000018c       0x74 build/i686_debug/kernel/memory.o
 .debug_frame   0x0000000000000200      0x200 build/i686_debug/kernel/stdio.o
 .debug_frame   0x0000000000000400       0x34 build/i686_debug/kernel/hal/hal.o
 .debug_frame   0x0000000000000434       0x34 build/i686_debug/kernel/hal/vfs.o
 .debug_frame   0x0000000000000468       0x34 build/i686_debug/kernel/arch/i686/e9.o
 .debug_frame   0x000000000000049c       0x34 build/i686_debug/kernel/arch/i686/gdt.o
 .debug_frame   0x00000000000004d0      0x180 build/i686_debug/kernel/arch/i686/i8259.o
 .debug_frame   0x0000000000000650       0x94 build/i686_debug/kernel/arch/i686/idt.o
 .debug_frame   0x00000000000006e4       0x34 build/i686_debug/kernel/arch/i686/io.o
 .debug_frame   0x0000000000000718       0x74 build/i686_debug/kernel/arch/i686/irq.o
 .debug_frame   0x000000000000078c       0x80 build/i686_debug/kernel/arch/i686/isr.o
 .debug_frame   0x000000000000080c       0x34 build/i686_debug/kernel/arch/i686/isrs_gen.o
 .debug_frame   0x0000000000000840      0x114 build/i686_debug/kernel/arch/i686/vga_text.o
 *fill*         0x0000000000000954        0x4 
 .debug_frame   0x0000000000000958        0x0 build/i686_debug/kernel/arch/i686/gdt_asm.o
 .debug_frame   0x0000000000000958        0x0 build/i686_debug/kernel/arch/i686/idt_asm.o
 .debug_frame   0x0000000000000958        0x0 build/i686_debug/kernel/arch/i686/io_asm.o
 .debug_frame   0x0000000000000958        0x0 build/i686_debug/kernel/arch/i686/isr_asm.o
 .debug_frame   0x0000000000000958        0x0 build/i686_debug/kernel/crtn.o

.debug_loc      0x0000000000000000        0x0
 .debug_loc     0x0000000000000000        0x0 build/i686_debug/kernel/crti.o
 .debug_loc     0x0000000000000000        0x0 build/i686_debug/kernel/arch/i686/gdt_asm.o
 .debug_loc     0x0000000000000000        0x0 build/i686_debug/kernel/arch/i686/idt_asm.o
 .debug_loc     0x0000000000000000        0x0 build/i686_debug/kernel/arch/i686/io_asm.o
 .debug_loc     0x0000000000000000        0x0 build/i686_debug/kernel/arch/i686/isr_asm.o
 .debug_loc     0x0000000000000000        0x0 build/i686_debug/kernel/crtn.o

.comment        0x0000000000000000       0x12
 .comment       0x0000000000000000       0x12 .toolchains/i686-elf/lib/gcc/i686-elf/11.2.0/crtbegin.o
                                         0x13 (size before relaxing)
 .comment       0x0000000000000012       0x13 build/i686_debug/kernel/debug.o
 .comment       0x0000000000000012       0x13 build/i686_debug/kernel/main.o
 .comment       0x0000000000000012       0x13 build/i686_debug/kernel/memory.o
 .comment       0x0000000000000012       0x13 build/i686_debug/kernel/stdio.o
 .comment       0x0000000000000012       0x13 build/i686_debug/kernel/hal/hal.o
 .comment       0x0000000000000012       0x13 build/i686_debug/kernel/hal/vfs.o
 .comment       0x0000000000000012       0x13 build/i686_debug/kernel/arch/i686/e9.o
 .comment       0x0000000000000012       0x13 build/i686_debug/kernel/arch/i686/gdt.o
 .comment       0x0000000000000012       0x13 build/i686_debug/kernel/arch/i686/i8259.o
 .comment       0x0000000000000012       0x13 build/i686_debug/kernel/arch/i686/idt.o
 .comment       0x0000000000000012       0x13 build/i686_debug/kernel/arch/i686/io.o
 .comment       0x0000000000000012       0x13 build/i686_debug/kernel/arch/i686/irq.o
 .comment       0x0000000000000012       0x13 build/i686_debug/kernel/arch/i686/isr.o
 .comment       0x0000000000000012       0x13 build/i686_debug/kernel/arch/i686/isrs_gen.o
 .comment       0x0000000000000012       0x13 build/i686_debug/kernel/arch/i686/vga_text.o
 .comment       0x0000000000000012       0x13 .toolchains/i686-elf/lib/gcc/i686-elf/11.2.0/crtend.o
 .comment       0x0000000000000012       0x13 .toolchains/i686-elf/lib/gcc/i686-elf/11.2.0/libgcc.a(_udivdi3.o)
 .comment       0x0000000000000012       0x13 .toolchains/i686-elf/lib/gcc/i686-elf/11.2.0/libgcc.a(_umoddi3.o)

.debug_str      0x0000000000000000     0x1883
 .debug_str     0x0000000000000000      0x150 build/i686_debug/kernel/debug.o
                                        0x199 (size before relaxing)
 .debug_str     0x0000000000000150      0x230 build/i686_debug/kernel/main.o
                                        0x35d (size before relaxing)
 .debug_str     0x0000000000000380       0x3f build/i686_debug/kernel/memory.o
                                        0x129 (size before relaxing)
 .debug_str     0x00000000000003bf       0xb8 build/i686_debug/kernel/stdio.o
                                        0x21f (size before relaxing)
 .debug_str     0x0000000000000477       0x50 build/i686_debug/kernel/hal/hal.o
                                        0x13d (size before relaxing)
 .debug_str     0x00000000000004c7       0x12 build/i686_debug/kernel/hal/vfs.o
                                        0x116 (size before relaxing)
 .debug_str     0x00000000000004d9        0xa build/i686_debug/kernel/arch/i686/e9.o
                                         0xfb (size before relaxing)
 .debug_str     0x00000000000004e3      0x1f8 build/i686_debug/kernel/arch/i686/gdt.o
                                        0x2fe (size before relaxing)
 .debug_str     0x00000000000006db      0x246 build/i686_debug/kernel/arch/i686/i8259.o
                                        0x377 (size before relaxing)
 .debug_str     0x0000000000000921      0x15f build/i686_debug/kernel/arch/i686/idt.o
                                        0x295 (size before relaxing)
 .debug_str     0x0000000000000a80       0xfa build/i686_debug/kernel/arch/i686/io.o
 .debug_str     0x0000000000000a80       0x6a build/i686_debug/kernel/arch/i686/irq.o
                                        0x261 (size before relaxing)
 .debug_str     0x0000000000000aea       0x50 build/i686_debug/kernel/arch/i686/isr.o
                                        0x212 (size before relaxing)
 .debug_str     0x0000000000000b3a      0xb92 build/i686_debug/kernel/arch/i686/isrs_gen.o
                                        0xd62 (size before relaxing)
 .debug_str     0x00000000000016cc       0x84 build/i686_debug/kernel/arch/i686/vga_text.o
                                        0x1ac (size before relaxing)
 .debug_str     0x0000000000001750      0x129 .toolchains/i686-elf/lib/gcc/i686-elf/11.2.0/libgcc.a(_udivdi3.o)
                                        0x1e3 (size before relaxing)
 .debug_str     0x0000000000001879        0xa .toolchains/i686-elf/lib/gcc/i686-elf/11.2.0/libgcc.a(_umoddi3.o)
                                        0x1e3 (size before relaxing)

.debug_line_str
                0x0000000000000000      0x35e
 .debug_line_str
                0x0000000000000000       0xaf build/i686_debug/kernel/debug.o
                                         0xe1 (size before relaxing)
 .debug_line_str
                0x00000000000000af       0xab build/i686_debug/kernel/main.o
                                        0x16d (size before relaxing)
 .debug_line_str
                0x000000000000015a       0x14 build/i686_debug/kernel/memory.o
                                         0xc3 (size before relaxing)
 .debug_line_str
                0x000000000000016e       0x1c build/i686_debug/kernel/stdio.o
                                         0xe7 (size before relaxing)
 .debug_line_str
                0x000000000000018a       0x21 build/i686_debug/kernel/hal/hal.o
                                         0xa5 (size before relaxing)
 .debug_line_str
                0x00000000000001ab       0x1a build/i686_debug/kernel/hal/vfs.o
                                         0xfa (size before relaxing)
 .debug_line_str
                0x00000000000001c5       0x1a build/i686_debug/kernel/arch/i686/e9.o
                                         0xda (size before relaxing)
 .debug_line_str
                0x00000000000001df       0x1b build/i686_debug/kernel/arch/i686/gdt.o
                                         0xd8 (size before relaxing)
 .debug_line_str
                0x00000000000001fa       0x23 build/i686_debug/kernel/arch/i686/i8259.o
                                         0xe9 (size before relaxing)
 .debug_line_str
                0x000000000000021d       0x1b build/i686_debug/kernel/arch/i686/idt.o
                                         0xde (size before relaxing)
 .debug_line_str
                0x0000000000000238       0x1a build/i686_debug/kernel/arch/i686/io.o
                                         0xda (size before relaxing)
 .debug_line_str
                0x0000000000000252       0x23 build/i686_debug/kernel/arch/i686/irq.o
                                        0x10a (size before relaxing)
 .debug_line_str
                0x0000000000000275       0x1b build/i686_debug/kernel/arch/i686/isr.o
                                        0x104 (size before relaxing)
 .debug_line_str
                0x0000000000000290       0x20 build/i686_debug/kernel/arch/i686/isrs_gen.o
                                         0xed (size before relaxing)
 .debug_line_str
                0x00000000000002b0       0x20 build/i686_debug/kernel/arch/i686/vga_text.o
                                         0xec (size before relaxing)
 .debug_line_str
                0x00000000000002d0       0x8e .toolchains/i686-elf/lib/gcc/i686-elf/11.2.0/libgcc.a(_udivdi3.o)
                                        0x101 (size before relaxing)
 .debug_line_str
                0x000000000000035e      0x101 .toolchains/i686-elf/lib/gcc/i686-elf/11.2.0/libgcc.a(_umoddi3.o)

.debug_loclists
                0x0000000000000000      0x9a0
 .debug_loclists
                0x0000000000000000      0x50b .toolchains/i686-elf/lib/gcc/i686-elf/11.2.0/libgcc.a(_udivdi3.o)
 .debug_loclists
                0x000000000000050b      0x495 .toolchains/i686-elf/lib/gcc/i686-elf/11.2.0/libgcc.a(_umoddi3.o)

.debug_rnglists
                0x0000000000000000       0x4a
 .debug_rnglists
                0x0000000000000000       0x2a .toolchains/i686-elf/lib/gcc/i686-elf/11.2.0/libgcc.a(_udivdi3.o)
 .debug_rnglists
                0x000000000000002a       0x20 .toolchains/i686-elf/lib/gcc/i686-elf/11.2.0/libgcc.a(_umoddi3.o)
